******************************************************************************
            TI ARM Clang Linker PC v3.2.2                      
******************************************************************************
>> Linked Sun Aug 11 19:08:30 2024

OUTPUT FILE NAME:   <gpiointerrupt_CC3220S_LAUNCHXL_nortos_ticlang.out>
ENTRY POINT SYMBOL: "resetISR"  address: 2000ee41


MEMORY CONFIGURATION

         name            origin    length      used     unused   attr    fill
----------------------  --------  ---------  --------  --------  ----  --------
  SRAM2                 20000000   00004000  0000130c  00002cf4  RW X
  SRAM                  20004000   0003c000  0000c02d  0002ffd3  RW X
  LOG_DATA              90000000   00040000  00000000  00040000  R   
  LOG_PTR               94000008   00040000  00000000  00040000  R   


SEGMENT ALLOCATION MAP

run origin  load origin   length   init length attrs members
----------  ----------- ---------- ----------- ----- -------
20003000    20003000    00001000   00000000    rw-
  20003000    20003000    00001000   00000000    rw- .stack
20004000    20004000    00000040   00000040    r--
  20004000    20004000    00000040   00000040    r-- .resetVecs
20004040    20004040    00008000   00000000    rw-
  20004040    20004040    00008000   00000000    rw- .sysmem
2000c040    2000c040    000031c0   000031c0    r-x
  2000c040    2000c040    000031c0   000031c0    r-x .text
2000f200    2000f200    00000695   00000000    rw-
  2000f200    2000f200    00000695   00000000    rw- .data
2000f898    2000f898    000003c0   000003c0    r--
  2000f898    2000f898    000003c0   000003c0    r-- .rodata
2000fc58    2000fc58    000002d4   00000000    rw-
  2000fc58    2000fc58    000002d4   00000000    rw- .bss
2000ff2c    2000ff2c    00000104   00000104    r--
  2000ff2c    2000ff2c    00000104   00000104    r-- .cinit


SECTION ALLOCATION MAP

 output                                  attributes/
section   page    origin      length       input sections
--------  ----  ----------  ----------   ----------------
.text      0    2000c040    000031c0     
                  2000c040    000004b8     driverlib.a : prcm.obj (.text.PRCMCC3200MCUInit)
                  2000c4f8    000003e4     drivers_cc32xx.a : PowerCC32XX.c.obj (.text.Power_sleep)
                  2000c8dc    00000150     nortos_cc32xx.a : PowerCC32XX_nortos.c.obj (.text.PowerCC32XX_sleepPolicy)
                  2000ca2c    00000148     drivers_cc32xx.a : TimerCC32XX.c.obj (.text.Timer_open)
                  2000cb74    00000140                      : GPIOCC32XX.c.obj (.text.GPIO_setConfig)
                  2000ccb4    00000120     libc.a : memory.c.obj (.text.aligned_alloc)
                  2000cdd4    000000f0            : memory.c.obj (.text.free)
                  2000cec4    000000c8     driverlib.a : interrupt.obj (.text.IntDisable)
                  2000cf8c    000000c8                 : interrupt.obj (.text.IntEnable)
                  2000d054    000000b0     gpiointerrupt.o (.text.timerCallback)
                  2000d104    000000b0     libclang_rt.builtins.a : udivmoddi4.S.obj (.text)
                  2000d1b4    000000ac     driverlib.a : gpio.obj (.text.GPIOIntTypeSet)
                  2000d260    000000a4                 : interrupt.obj (.text.IntPendSet)
                  2000d304    000000a2                 : pin.obj (.text.PinConfigSet)
                  2000d3a6    00000002     ti_drivers_config.o (.text.Board_initHook)
                  2000d3a8    00000098     nortos_cc32xx.a : SemaphoreP_nortos.c.obj (.text.SemaphoreP_pend)
                  2000d440    00000096     drivers_cc32xx.a : PowerCC32XX_ticlang.asm.obj (.text)
                  2000d4d6    00000002     nortos_cc32xx.a : PowerCC32XX_nortos.c.obj (.text.PowerCC32XX_initPolicy)
                  2000d4d8    00000090     drivers_cc32xx.a : GPIOCC32XX.c.obj (.text.GPIO_init)
                  2000d568    0000008e     driverlib.a : prcm.obj (.text.PRCMSysResetCauseGet)
                  2000d5f6    00000002     nortos_cc32xx.a : SemaphoreP_nortos.c.obj (.text.SemaphoreP_destruct)
                  2000d5f8    00000088     drivers_cc32xx.a : PowerCC32XX.c.obj (.text.PowerCC32XX_configureWakeup)
                  2000d680    00000078                      : PowerCC32XX.c.obj (.text.Power_init)
                  2000d6f8    00000074     nortos_cc32xx.a : HwiPCC32XX_nortos.c.obj (.text.HwiP_construct)
                  2000d76c    00000074     driverlib.a : prcm.obj (.text.PRCMHibernateWakeUpGPIOSelect)
                  2000d7e0    00000070     libc.a : copy_decompress_lzss.c.obj (.text:decompress:lzss)
                  2000d850    0000006c     driverlib.a : pin.obj (.text.PinLockLevelSet)
                  2000d8bc    0000006c     drivers_cc32xx.a : PowerCC32XX.c.obj (.text.Power_setDependency)
                  2000d928    0000006c                      : GPIOCC32XX.c.obj (.text.powerNotifyFxn)
                  2000d994    0000006c     libc.a : memory.c.obj (.text.split)
                  2000da00    0000006a     driverlib.a : prcm.obj (.text.PRCMPeripheralReset)
                  2000da6a    00000068                 : interrupt.obj (.text.IntPendClear)
                  2000dad2    00000002     drivers_cc32xx.a : Timer.c.obj (.text.Timer_init)
                  2000dad4    00000060                      : GPIOCC32XX.c.obj (.text.GPIO_write)
                  2000db34    00000060                      : Timer.c.obj (.text.Timer_setPeriod)
                  2000db94    0000005c     driverlib.a : flash.obj (.text.FlashDisable)
                  2000dbf0    0000005c                 : prcm.obj (.text.PRCMHibernateWakeupSourceDisable)
                  2000dc4c    0000005c     drivers_cc32xx.a : TimerCC32XX.c.obj (.text.TimerCC32XX_allocateTimerResource)
                  2000dca8    0000005a     driverlib.a : prcm.obj (.text.PRCMPeripheralClkEnable)
                  2000dd02    00000002     libclang_rt.builtins.a : aeabi_div0.c.obj (.text.__aeabi_ldiv0)
                  2000dd04    00000058     nortos_cc32xx.a : ClockPSysTick_nortos.c.obj (.text.ClockP_startup)
                  2000dd5c    00000058     driverlib.a : interrupt.obj (.text.IntPrioritySet)
                  2000ddb4    00000058     gpiointerrupt.o (.text.mainThread)
                  2000de0c    00000056     driverlib.a : prcm.obj (.text.PRCMLPDSEnter)
                  2000de62    00000002     libc.a : _lock.c.obj (.text._nop)
                  2000de64    00000054     drivers_cc32xx.a : PowerCC32XX.c.obj (.text.PowerCC32XX_setParkState)
                  2000deb8    00000054                      : PowerCC32XX.c.obj (.text.Power_releaseDependency)
                  2000df0c    00000050                      : GPIOCC32XX.c.obj (.text.GPIO_hwiIntFxn)
                  2000df5c    00000050     driverlib.a : prcm.obj (.text.PRCMHibernateWakeupSourceEnable)
                  2000dfac    00000050     nortos_cc32xx.a : SemaphoreP_nortos.c.obj (.text.SemaphoreP_construct)
                  2000dffc    0000004c     drivers_cc32xx.a : GPIOCC32XX.c.obj (.text.GPIO_setInterruptConfig)
                  2000e048    0000004c     driverlib.a : prcm.obj (.text.PRCMLPDSRestoreInfoSet)
                  2000e094    0000004c     drivers_cc32xx.a : TimerCC32XX.c.obj (.text.initHw)
                  2000e0e0    0000004a                      : TimerCC32XX.c.obj (.text.getPrescaler)
                  2000e12a    00000002     nortos_cc32xx.a : startup_cc32xx_ticlang.c.obj (.text.busFaultHandler)
                  2000e12c    00000048                     : ClockPSysTick_nortos.c.obj (.text.ClockP_sysTickHandler)
                  2000e174    00000048     driverlib.a : prcm.obj (.text.PRCMIntEnable)
                  2000e1bc    00000048                 : prcm.obj (.text.PRCMPeripheralStatusGet)
                  2000e204    00000048                 : pin.obj (.text.PinConfigGet)
                  2000e24c    00000046                 : prcm.obj (.text.PRCMLPDSEnterKeepDebugIf)
                  2000e292    00000044                 : gpio.obj (.text.GPIODirModeSet)
                  2000e2d6    00000002     nortos_cc32xx.a : SemaphoreP_nortos.c.obj (.text.clkFxn)
                  2000e2d8    00000044     drivers_cc32xx.a : GPIOCC32XX.c.obj (.text.GPIO_disableInt)
                  2000e31c    00000044                      : GPIOCC32XX.c.obj (.text.GPIO_enableInt)
                  2000e360    00000044                      : PowerCC32XX.c.obj (.text.Power_releaseConstraint)
                  2000e3a4    00000044                      : Timer.c.obj (.text.Timer_start)
                  2000e3e8    00000044     nortos_cc32xx.a : ClockPSysTick_nortos.c.obj (.text.addToList)
                  2000e42c    00000042     driverlib.a : pin.obj (.text.PinModeSet)
                  2000e46e    00000042                 : timer.obj (.text.TimerControlStall)
                  2000e4b0    00000042     drivers_cc32xx.a : TimerCC32XX.c.obj (.text.Timer_close)
                  2000e4f2    00000042     nortos_cc32xx.a : PowerCC32XX_nortos.c.obj (.text.getCountsRTC)
                  2000e534    00000040                     : SemaphoreP_nortos.c.obj (.text.SemaphoreP_post)
                  2000e574    00000040     drivers_cc32xx.a : Timer.c.obj (.text.Timer_stop)
                  2000e5b4    0000003e     driverlib.a : pin.obj (.text.PinDirModeSet)
                  2000e5f2    00000002     nortos_cc32xx.a : startup_cc32xx_ticlang.c.obj (.text.defaultHandler)
                  2000e5f4    0000003c                     : ClockPSysTick_nortos.c.obj (.text.ClockP_stop)
                  2000e630    0000003c     gpiointerrupt.o (.text.initTimer)
                  2000e66c    0000003a     drivers_cc32xx.a : TimerCC32XX.c.obj (.text.TimerSupport_timerEnable)
                  2000e6a6    00000002     nortos_cc32xx.a : startup_cc32xx_ticlang.c.obj (.text.faultISR)
                  2000e6a8    00000038                     : ClockPSysTick_nortos.c.obj (.text.ClockP_destruct)
                  2000e6e0    00000038     drivers_cc32xx.a : PowerCC32XX.c.obj (.text.Power_setConstraint)
                  2000e718    00000038     nortos_cc32xx.a : SwiP_nortos.c.obj (.text.SwiP_restore)
                  2000e750    00000038     libc.a : autoinit.c.obj (.text:__TI_auto_init_nobinit_nopinit)
                  2000e788    00000036     driverlib.a : pin.obj (.text.PinLock)
                  2000e7be    00000036     drivers_cc32xx.a : TimerCC32XX.c.obj (.text.TimerCC32XX_hwiIntFunction)
                  2000e7f4    00000034     nortos_cc32xx.a : ClockPSysTick_nortos.c.obj (.text.ClockP_start)
                  2000e828    00000034     driverlib.a : pin.obj (.text.PinDirModeGet)
                  2000e85c    00000034                 : pin.obj (.text.PinModeGet)
                  2000e890    00000034     drivers_cc32xx.a : PowerCC32XX.c.obj (.text.PowerCC32XX_parkPin)
                  2000e8c4    00000034                      : TimerCC32XX.c.obj (.text.TimerCC32XX_freeTimerResource)
                  2000e8f8    00000034     nortos_cc32xx.a : startup_cc32xx_ticlang.c.obj (.text.initVectors)
                  2000e92c    00000030                     : ClockPSysTick_nortos.c.obj (.text.ClockP_getTicksUntilInterrupt)
                  2000e95c    00000030     driverlib.a : prcm.obj (.text.PRCMLPDSIntervalSet)
                  2000e98c    00000030                 : prcm.obj (.text.PRCMSlowClkCtrFastGet)
                  2000e9bc    00000030                 : timer.obj (.text.TimerLoadSet)
                  2000e9ec    00000030                 : timer.obj (.text.TimerPrescaleSet)
                  2000ea1c    00000030     drivers_cc32xx.a : PowerCC32XX.c.obj (.text.notify)
                  2000ea4c    0000002e     driverlib.a : gpio.obj (.text.GPIOIntStatus)
                  2000ea7a    0000002a     nortos_cc32xx.a : HwiPCC32XX_nortos.c.obj (.text.HwiP_create)
                  2000eaa4    0000002a     driverlib.a : prcm.obj (.text.PRCMLPDSWakeUpGPIOSelect)
                  2000eace    0000002a                 : prcm.obj (.text.PRCMPeripheralClkDisable)
                  2000eaf8    00000028     drivers_cc32xx.a : List.c.obj (.text.List_remove)
                  2000eb20    00000028     driverlib.a : prcm.obj (.text.PRCMSRAMRetentionEnable)
                  2000eb48    00000028     drivers_cc32xx.a : TimerCC32XX.c.obj (.text.TimerSupport_timerDisable)
                  2000eb70    00000028                      : TimerCC32XX.c.obj (.text.TimerSupport_timerLoad)
                  2000eb98    00000028     libc.a : memory.c.obj (.text.free_list_insert)
                  2000ebc0    00000024     driverlib.a : interrupt.obj (.text.IntUnregister)
                  2000ebe4    00000024     drivers_cc32xx.a : List.c.obj (.text.List_put)
                  2000ec08    00000024     driverlib.a : prcm.obj (.text.PRCMLPDSWakeupSourceEnable)
                  2000ec2c    00000024     drivers_cc32xx.a : PowerCC32XX.c.obj (.text.PowerCC32XX_restoreParkedPin)
                  2000ec50    00000024                      : PowerCC32XX.c.obj (.text.Power_registerNotify)
                  2000ec74    00000024     libc.a : boot_cortex_m.c.obj (.text:_c_int00_noargs)
                  2000ec98    00000022     driverlib.a : gpio.obj (.text.GPIOPinWrite)
                  2000ecba    00000022                 : pin.obj (.text.PinUnlock)
                  2000ecdc    00000020                 : interrupt.obj (.text.IntRegister)
                  2000ecfc    00000020     drivers_cc32xx.a : PowerCC32XX.c.obj (.text.Power_unregisterNotify)
                  2000ed1c    00000020     nortos_cc32xx.a : SemaphoreP_nortos.c.obj (.text.SemaphoreP_constructBinary)
                  2000ed3c    00000020                     : SemaphoreP_nortos.c.obj (.text.SemaphoreP_createBinary)
                  2000ed5c    00000020     driverlib.a : timer.obj (.text.TimerDisable)
                  2000ed7c    0000001c     drivers_cc32xx.a : GPIO.c.obj (.text.GPIO_setCallback)
                  2000ed98    0000001c     nortos_cc32xx.a : HwiPCC32XX_nortos.c.obj (.text.HwiP_dispatch)
                  2000edb4    0000001c                     : SwiP_nortos.c.obj (.text.SwiP_disable)
                  2000edd0    0000001c     libc.a : memory.c.obj (.text.free_list_remove)
                  2000edec    0000001c     drivers_cc32xx.a : TimerCC32XX.c.obj (.text.getPowerMgrId)
                  2000ee08    0000001c     gpiointerrupt.o (.text.gpioButtonFxn0)
                  2000ee24    0000001c     gpiointerrupt.o (.text.gpioButtonFxn1)
                  2000ee40    0000001c     nortos_cc32xx.a : startup_cc32xx_ticlang.c.obj (.text.resetISR)
                  2000ee5c    0000001a     driverlib.a : gpio.obj (.text.GPIOIntDisable)
                  2000ee76    0000001a                 : prcm.obj (.text.PRCMHIBRegRead)
                  2000ee90    0000001a                 : prcm.obj (.text.PRCMHIBRegWrite)
                  2000eeaa    0000001a                 : prcm.obj (.text.PRCMLPDSWakeupSourceDisable)
                  2000eec4    0000001a                 : pin.obj (.text.PinToPadGet)
                  2000eede    0000001a                 : timer.obj (.text.TimerEnable)
                  2000eef8    00000018                 : gpio.obj (.text.GPIOIntEnable)
                  2000ef10    00000018     nortos_cc32xx.a : SemaphoreP_nortos.c.obj (.text.SemaphoreP_create)
                  2000ef28    00000016     ti_drivers_config.o (.text.Board_init)
                  2000ef3e    00000016     driverlib.a : systick.obj (.text.SysTickPeriodSet)
                  2000ef54    00000016                 : timer.obj (.text.TimerIntDisable)
                  2000ef6a    00000014                 : cpu.obj (.text.CPUcpsid)
                  2000ef7e    00000014                 : cpu.obj (.text.CPUcpsie)
                  2000ef92    00000014     nortos_cc32xx.a : HwiPCC32XX_nortos.c.obj (.text.HwiP_destruct)
                  2000efa6    00000014     driverlib.a : interrupt.obj (.text.IntVTableBaseSet)
                  2000efba    00000002     nortos_cc32xx.a : startup_cc32xx_ticlang.c.obj (.text.nmiISR)
                  2000efbc    00000014     drivers_cc32xx.a : PowerCC32XX.c.obj (.text.Power_disablePolicy)
                  2000efd0    00000014                      : PowerCC32XX.c.obj (.text.Power_getTransitionLatency)
                  2000efe4    00000014                      : PowerCC32XX.c.obj (.text.Power_idleFunc)
                  2000eff8    00000014     driverlib.a : timer.obj (.text.TimerIntEnable)
                  2000f00c    00000014     libclang_rt.builtins.a : aeabi_uldivmod.S.obj (.text.__aeabi_uldivmod)
                  2000f020    00000012     nortos_cc32xx.a : ClockPSysTick_nortos.c.obj (.text.ClockP_add)
                  2000f032    00000012     driverlib.a : gpio.obj (.text.GPIOIntClear)
                  2000f044    00000012     nortos_cc32xx.a : HwiPCC32XX_nortos.c.obj (.text.HwiP_Params_init)
                  2000f056    00000012                     : HwiPCC32XX_nortos.c.obj (.text.HwiP_delete)
                  2000f068    00000012     driverlib.a : systick.obj (.text.SysTickEnable)
                  2000f07a    00000012                 : systick.obj (.text.SysTickIntDisable)
                  2000f08c    00000012                 : systick.obj (.text.SysTickIntEnable)
                  2000f09e    00000012     libc.a : memcpy_t2.S.obj (.text:TI_memcpy_small)
                  2000f0b0    00000012            : copy_zero_init.c.obj (.text:decompress:ZI:__TI_zero_init_nomemset)
                  2000f0c2    00000002     --HOLE-- [fill = 0]
                  2000f0c4    00000010     nortos_cc32xx.a : ClockPSysTick_nortos.c.obj (.text.ClockP_getCpuFreq)
                  2000f0d4    00000010                     : ClockPSysTick_nortos.c.obj (.text.ClockP_getSystemTicks)
                  2000f0e4    00000010                     : ClockPSysTick_nortos.c.obj (.text.ClockP_setTicks)
                  2000f0f4    00000010                     : HwiPCC32XX_nortos.c.obj (.text.HwiP_inISR)
                  2000f104    00000010     drivers_cc32xx.a : PowerCC32XX.c.obj (.text.Power_enablePolicy)
                  2000f114    00000010     driverlib.a : timer.obj (.text.TimerIntClear)
                  2000f124    00000010     drivers_cc32xx.a : Timer.c.obj (.text.Timer_Params_init)
                  2000f134    00000010     main_nortos.o (.text.main)
                  2000f144    0000000e     drivers_cc32xx.a : TimerCC32XX.c.obj (.text.TimerSupport_timerFullWidth)
                  2000f152    0000000e     libc.a : copy_decompress_none.c.obj (.text:decompress:none)
                  2000f160    0000000c     driverlib.a : cpu.obj (.text.CPUwfi)
                  2000f16c    0000000c                 : prcm.obj (.text.PRCMLPDSWakeupCauseGet)
                  2000f178    0000000c     drivers_cc32xx.a : PowerCC32XX.c.obj (.text.Power_getConstraintMask)
                  2000f184    0000000c                      : TimerCC32XX.c.obj (.text.postNotifyFxn)
                  2000f190    0000000a     nortos_cc32xx.a : ClockPSysTick_nortos.c.obj (.text.ClockP_isActive)
                  2000f19a    0000000a     driverlib.a : interrupt.obj (.text.IntMasterDisable)
                  2000f1a4    0000000a                 : interrupt.obj (.text.IntMasterEnable)
                  2000f1ae    00000008     nortos_cc32xx.a : HwiPCC32XX_nortos.c.obj (.text.HwiP_disable)
                  2000f1b6    00000008                     : HwiPCC32XX_nortos.c.obj (.text.HwiP_restore)
                  2000f1be    00000008     driverlib.a : prcm.obj (.text.PRCMSleepEnter)
                  2000f1c6    00000008                 : utils.obj (.text.UtilsDelay)
                  2000f1ce    00000008     libc.a : memory.c.obj (.text.malloc)
                  2000f1d6    00000004     nortos_cc32xx.a : ClockPSysTick_nortos.c.obj (.text.ClockP_doTick)
                  2000f1da    00000004                     : HwiPCC32XX_nortos.c.obj (.text.HwiP_clearInterrupt)
                  2000f1de    00000004                     : HwiPCC32XX_nortos.c.obj (.text.HwiP_enable)
                  2000f1e2    00000004                     : HwiPCC32XX_nortos.c.obj (.text.HwiP_post)
                  2000f1e6    00000004     driverlib.a : interrupt.obj (.text.IntDefaultHandler)
                  2000f1ea    00000004     nortos_cc32xx.a : NoRTOS.c.obj (.text.NoRTOS_start)
                  2000f1ee    00000004                     : SemaphoreP_nortos.c.obj (.text.SemaphoreP_delete)
                  2000f1f2    00000002     --HOLE-- [fill = 0]
                  2000f1f4    00000004     libclang_rt.builtins.a : aeabi_memcpy.S.obj (.text.__aeabi_memcpy)
                  2000f1f8    00000004     libc.a : pre_init.c.obj (.text._system_pre_init)
                  2000f1fc    00000004            : exit.c.obj (.text:abort)

.ramVecs   0    20000000    0000030c     NOLOAD SECTION
                  20000000    0000030c     nortos_cc32xx.a : startup_cc32xx_ticlang.c.obj (.ramVecs)

.stack     0    20003000    00001000     UNINITIALIZED
                  20003000    00000004     libc.a : boot_cortex_m.c.obj (.stack)
                  20003004    00000ffc     --HOLE--

.resetVecs 
*          0    20004000    00000040     
                  20004000    00000040     nortos_cc32xx.a : startup_cc32xx_ticlang.c.obj (.resetVecs)

.sysmem    0    20004040    00008000     UNINITIALIZED
                  20004040    00000010     libc.a : memory.c.obj (.sysmem)
                  20004050    00007ff0     --HOLE--

.rodata    0    2000f898    000003c0     
                  2000f898    00000100     driverlib.a : pin.obj (.rodata.g_ulPinToPadMap)
                  2000f998    000000d4                 : interrupt.obj (.rodata.g_pulRegs)
                  2000fa6c    000000a8                 : prcm.obj (.rodata.PRCM_PeriphRegsList)
                  2000fb14    00000044     ti_drivers_config.o (.rodata.PowerCC32XX_config)
                  2000fb58    00000028     drivers_cc32xx.a : GPIOCC32XX.c.obj (.rodata.portConfigs)
                  2000fb80    00000021                      : GPIOCC32XX.c.obj (.rodata.pinTable)
                  2000fba1    00000001     ti_drivers_config.o (.rodata.GPIO_pinUpperBound)
                  2000fba2    00000001     ti_drivers_config.o (.rodata.Timer_count)
                  2000fba3    00000001     --HOLE-- [fill = 0]
                  2000fba4    00000018     driverlib.a : interrupt.obj (.rodata.g_pulDisRegs)
                  2000fbbc    00000018                 : interrupt.obj (.rodata.g_pulEnRegs)
                  2000fbd4    00000018                 : interrupt.obj (.rodata.g_pulPendRegs)
                  2000fbec    00000018                 : interrupt.obj (.rodata.g_pulUnpendRegs)
                  2000fc04    00000010     ti_drivers_config.o (.rodata.GPIO_config)
                  2000fc14    00000010     ti_drivers_config.o (.rodata.timerCC32XXHWAttrs)
                  2000fc24    0000000c     drivers_cc32xx.a : Timer.c.obj (.rodata.defaultParams)
                  2000fc30    0000000c                      : TimerCC32XX.c.obj (.rodata.defaultParams)
                  2000fc3c    0000000c     gpiointerrupt.o (.rodata.str1.119337933097536889411)
                  2000fc48    00000008     ti_drivers_config.o (.rodata.Timer_config)
                  2000fc50    00000008     gpiointerrupt.o (.rodata.str1.149745159178111864791)

.cinit     0    2000ff2c    00000104     
                  2000ff2c    000000dd     (.cinit..data.load) [load image, compression = lzss]
                  20010009    00000003     --HOLE-- [fill = 0]
                  2001000c    0000000c     (__TI_handler_table)
                  20010018    00000008     (.cinit..bss.load) [load image, compression = zero_init]
                  20010020    00000010     (__TI_cinit_table)

.init_array 
*          0    20004000    00000000     UNINITIALIZED

.data      0    2000f200    00000695     UNINITIALIZED
                  2000f200    0000030c     nortos_cc32xx.a : HwiPCC32XX_nortos.c.obj (.data.HwiP_dispatchTable)
                  2000f50c    0000016c     drivers_cc32xx.a : PowerCC32XX.c.obj (.data.PowerCC32XX_module)
                  2000f678    000000f8     ti_drivers_config.o (.data.parkInfo)
                  2000f770    00000084     ti_drivers_config.o (.data.gpioPinConfigs)
                  2000f7f4    0000004c     nortos_cc32xx.a : SwiP_nortos.c.obj (.data..L_MergedGlobals)
                  2000f840    00000018     drivers_cc32xx.a : GPIOCC32XX.c.obj (.data..L_MergedGlobals)
                  2000f858    00000014     gpiointerrupt.o (.data..L_MergedGlobals)
                  2000f86c    00000004     nortos_cc32xx.a : HwiPCC32XX_nortos.c.obj (.data.HwiP_swiPIntNum)
                  2000f870    00000010                     : SemaphoreP_nortos.c.obj (.data..L_MergedGlobals)
                  2000f880    00000008                     : ClockPSysTick_nortos.c.obj (.data..L_MergedGlobals)
                  2000f888    00000004     libc.a : _lock.c.obj (.data._lock)
                  2000f88c    00000004            : _lock.c.obj (.data._unlock)
                  2000f890    00000001     drivers_cc32xx.a : GPIOCC32XX.c.obj (.data.initCalled)
                  2000f891    00000001                      : GPIOCC32XX.c.obj (.data.portHwiCreatedBitMask)
                  2000f892    00000002     --HOLE--
                  2000f894    00000001     libc.a : memory.c.obj (.data.memory_is_initialized)

.bss       0    2000fc58    000002d4     UNINITIALIZED
                  2000fc58    0000012c     (.common:PowerCC32XX_contextSave)
                  2000fd84    00000084     (.common:gpioCallbackFunctions)
                  2000fe08    00000084     (.common:gpioUserArgs)
                  2000fe8c    00000084     (.common:timerCC32XXObjects)
                  2000ff10    00000010     (.common:ClockP_ctrl)
                  2000ff20    00000004     nortos_cc32xx.a : ClockPSysTick_nortos.c.obj (.bss.sysTickPeriod)
                  2000ff24    00000004     libc.a : memory.c.obj (.bss.sys_free)
                  2000ff28    00000004     drivers_cc32xx.a : TimerCC32XX.c.obj (.bss.timerState.0)

.log_data 
*          0    90000000    00000000     COPY SECTION

.log_ptr   0    94000008    00000000     COPY SECTION

__llvm_prf_cnts 
*          0    20004000    00000000     UNINITIALIZED

__llvm_prf_bits 
*          0    20004000    00000000     UNINITIALIZED

MODULE SUMMARY

       Module                         code    ro data   rw data
       ------                         ----    -------   -------
    .\
       gpiointerrupt.o                380     20        20     
       main_nortos.o                  16      0         0      
    +--+------------------------------+-------+---------+---------+
       Total:                         396     20        20     
                                                               
    .\syscfg\
       ti_drivers_config.o            24      110       776    
    +--+------------------------------+-------+---------+---------+
       Total:                         24      110       776    
                                                               
    C:/ti/simplelink_cc32xx_sdk_7_10_00_13/kernel/nortos/lib/ticlang/m4/nortos_cc32xx.a
       HwiPCC32XX_nortos.c.obj        286     0         784    
       startup_cc32xx_ticlang.c.obj   88      64        780    
       ClockPSysTick_nortos.c.obj     524     0         28     
       SemaphoreP_nortos.c.obj        392     0         16     
       PowerCC32XX_nortos.c.obj       404     0         0      
       SwiP_nortos.c.obj              84      0         76     
       NoRTOS.c.obj                   4       0         0      
    +--+------------------------------+-------+---------+---------+
       Total:                         1782    64        1684   
                                                               
    C:/ti/simplelink_cc32xx_sdk_7_10_00_13/source/ti/devices/cc32xx/driverlib/ticlang/Release/driverlib.a
       prcm.obj                       2564    168       0      
       interrupt.obj                  868     308       0      
       pin.obj                        688     256       0      
       gpio.obj                       388     0         0      
       timer.obj                      278     0         0      
       flash.obj                      92      0         0      
       systick.obj                    76      0         0      
       cpu.obj                        52      0         0      
       utils.obj                      8       0         0      
    +--+------------------------------+-------+---------+---------+
       Total:                         5014    732       0      
                                                               
    C:/ti/simplelink_cc32xx_sdk_7_10_00_13/source/ti/drivers/lib/ticlang/m4/drivers_cc32xx.a
       PowerCC32XX.c.obj              1944    0         664    
       GPIOCC32XX.c.obj               960     73        26     
       TimerCC32XX.c.obj              934     12        4      
       Timer.c.obj                    246     12        0      
       PowerCC32XX_ticlang.asm.obj    150     0         0      
       List.c.obj                     76      0         0      
       GPIO.c.obj                     28      0         0      
    +--+------------------------------+-------+---------+---------+
       Total:                         4338    97        694    
                                                               
    C:\ti\ccs1271\ccs\tools\compiler\ti-cgt-armllvm_3.2.2.LTS\lib\armv7em-ti-none-eabi/c/libc.a
       memory.c.obj                   712     0         5      
       copy_decompress_lzss.c.obj     112     0         0      
       autoinit.c.obj                 56      0         0      
       boot_cortex_m.c.obj            36      0         0      
       copy_zero_init.c.obj           18      0         0      
       memcpy_t2.S.obj                18      0         0      
       copy_decompress_none.c.obj     14      0         0      
       _lock.c.obj                    2       0         8      
       exit.c.obj                     4       0         0      
       pre_init.c.obj                 4       0         0      
    +--+------------------------------+-------+---------+---------+
       Total:                         976     0         13     
                                                               
    C:\ti\ccs1271\ccs\tools\compiler\ti-cgt-armllvm_3.2.2.LTS\lib\clang/15.0.7/lib/armv7em-ti-none-eabi/libclang_rt.builtins.a
       udivmoddi4.S.obj               176     0         0      
       aeabi_uldivmod.S.obj           20      0         0      
       aeabi_memcpy.S.obj             4       0         0      
       aeabi_div0.c.obj               2       0         0      
    +--+------------------------------+-------+---------+---------+
       Total:                         202     0         0      
                                                               
       Heap:                          0       0         32768  
       Stack:                         0       0         4096   
       Linker Generated:              0       257       0      
    +--+------------------------------+-------+---------+---------+
       Grand Total:                   12732   1280      40051  


LINKER GENERATED COPY TABLES

__TI_cinit_table @ 20010020 records: 2, size/record: 8, table size: 16
	.data: load addr=2000ff2c, load size=000000dd bytes, run addr=2000f200, run size=00000695 bytes, compression=lzss
	.bss: load addr=20010018, load size=00000008 bytes, run addr=2000fc58, run size=000002d4 bytes, compression=zero_init


LINKER GENERATED HANDLER TABLE

__TI_handler_table @ 2001000c records: 3, size/record: 4, table size: 12
	index: 0, handler: __TI_decompress_lzss
	index: 1, handler: __TI_decompress_none
	index: 2, handler: __TI_zero_init


GLOBAL SYMBOLS: SORTED ALPHABETICALLY BY Name 

address   name                             
-------   ----                             
2000ef29  Board_init                       
2000d3a7  Board_initHook                   
2000f1fc  C$$EXIT                          
2000ef6b  CPUcpsid                         
2000ef7f  CPUcpsie                         
2000f161  CPUwfi                           
2000f021  ClockP_add                       
2000ff10  ClockP_ctrl                      
2000e6a9  ClockP_destruct                  
2000f1d7  ClockP_doTick                    
2000f0c5  ClockP_getCpuFreq                
2000f0d5  ClockP_getSystemTicks            
2000e92d  ClockP_getTicksUntilInterrupt    
2000f191  ClockP_isActive                  
2000f0e5  ClockP_setTicks                  
2000e7f5  ClockP_start                     
2000dd05  ClockP_startup                   
2000e5f5  ClockP_stop                      
2000e12d  ClockP_sysTickHandler            
2000f884  ClockP_tickPeriod                
2000db95  FlashDisable                     
2000e293  GPIODirModeSet                   
2000f033  GPIOIntClear                     
2000ee5d  GPIOIntDisable                   
2000eef9  GPIOIntEnable                    
2000ea4d  GPIOIntStatus                    
2000d1b5  GPIOIntTypeSet                   
2000ec99  GPIOPinWrite                     
2000fc04  GPIO_config                      
2000e2d9  GPIO_disableInt                  
2000e31d  GPIO_enableInt                   
2000df0d  GPIO_hwiIntFxn                   
2000d4d9  GPIO_init                        
2000fba1  GPIO_pinUpperBound               
2000ed7d  GPIO_setCallback                 
2000cb75  GPIO_setConfig                   
2000dffd  GPIO_setInterruptConfig          
2000dad5  GPIO_write                       
2000f045  HwiP_Params_init                 
2000f1db  HwiP_clearInterrupt              
2000d6f9  HwiP_construct                   
2000ea7b  HwiP_create                      
2000f057  HwiP_delete                      
2000ef93  HwiP_destruct                    
2000f1af  HwiP_disable                     
2000ed99  HwiP_dispatch                    
2000f1df  HwiP_enable                      
2000f0f5  HwiP_inISR                       
2000f1e3  HwiP_post                        
2000f1b7  HwiP_restore                     
2000f86c  HwiP_swiPIntNum                  
UNDEFED   ITM_flush                        
UNDEFED   ITM_restore                      
2000cec5  IntDisable                       
2000cf8d  IntEnable                        
2000f19b  IntMasterDisable                 
2000f1a5  IntMasterEnable                  
2000da6b  IntPendClear                     
2000d261  IntPendSet                       
2000dd5d  IntPrioritySet                   
2000ecdd  IntRegister                      
2000ebc1  IntUnregister                    
2000efa7  IntVTableBaseSet                 
2000ebe5  List_put                         
2000eaf9  List_remove                      
2000f1eb  NoRTOS_start                     
2000c041  PRCMCC3200MCUInit                
2000ee77  PRCMHIBRegRead                   
2000ee91  PRCMHIBRegWrite                  
2000d76d  PRCMHibernateWakeUpGPIOSelect    
2000dbf1  PRCMHibernateWakeupSourceDisable 
2000df5d  PRCMHibernateWakeupSourceEnable  
2000e175  PRCMIntEnable                    
2000de0d  PRCMLPDSEnter                    
2000e24d  PRCMLPDSEnterKeepDebugIf         
2000e95d  PRCMLPDSIntervalSet              
2000e049  PRCMLPDSRestoreInfoSet           
2000eaa5  PRCMLPDSWakeUpGPIOSelect         
2000f16d  PRCMLPDSWakeupCauseGet           
2000eeab  PRCMLPDSWakeupSourceDisable      
2000ec09  PRCMLPDSWakeupSourceEnable       
2000eacf  PRCMPeripheralClkDisable         
2000dca9  PRCMPeripheralClkEnable          
2000da01  PRCMPeripheralReset              
2000e1bd  PRCMPeripheralStatusGet          
2000eb21  PRCMSRAMRetentionEnable          
2000f1bf  PRCMSleepEnter                   
2000e98d  PRCMSlowClkCtrFastGet            
2000d569  PRCMSysResetCauseGet             
2000e205  PinConfigGet                     
2000d305  PinConfigSet                     
2000e829  PinDirModeGet                    
2000e5b5  PinDirModeSet                    
2000e789  PinLock                          
2000d851  PinLockLevelSet                  
2000e85d  PinModeGet                       
2000e42d  PinModeSet                       
2000eec5  PinToPadGet                      
2000ecbb  PinUnlock                        
2000fb14  PowerCC32XX_config               
2000d5f9  PowerCC32XX_configureWakeup      
2000fc58  PowerCC32XX_contextSave          
2000d441  PowerCC32XX_enterLPDS            
2000d4d7  PowerCC32XX_initPolicy           
2000f50c  PowerCC32XX_module               
2000e891  PowerCC32XX_parkPin              
2000ec2d  PowerCC32XX_restoreParkedPin     
2000d485  PowerCC32XX_resumeLPDS           
2000de65  PowerCC32XX_setParkState         
2000c8dd  PowerCC32XX_sleepPolicy          
2000efbd  Power_disablePolicy              
2000f105  Power_enablePolicy               
2000f179  Power_getConstraintMask          
2000efd1  Power_getTransitionLatency       
2000efe5  Power_idleFunc                   
2000d681  Power_init                       
2000ec51  Power_registerNotify             
2000e361  Power_releaseConstraint          
2000deb9  Power_releaseDependency          
2000e6e1  Power_setConstraint              
2000d8bd  Power_setDependency              
2000c4f9  Power_sleep                      
2000ecfd  Power_unregisterNotify           
2000f859  SOS                              
2000dfad  SemaphoreP_construct             
2000ed1d  SemaphoreP_constructBinary       
2000ef11  SemaphoreP_create                
2000ed3d  SemaphoreP_createBinary          
2000f878  SemaphoreP_defaultParams         
2000f1ef  SemaphoreP_delete                
2000d5f7  SemaphoreP_destruct              
2000d3a9  SemaphoreP_pend                  
2000e535  SemaphoreP_post                  
2000edb5  SwiP_disable                     
2000e719  SwiP_restore                     
2000f069  SysTickEnable                    
2000f07b  SysTickIntDisable                
2000f08d  SysTickIntEnable                 
2000ef3f  SysTickPeriodSet                 
2000f09f  TI_memcpy_small                  
2000dc4d  TimerCC32XX_allocateTimerResource
2000e8c5  TimerCC32XX_freeTimerResource    
2000e46f  TimerControlStall                
2000ed5d  TimerDisable                     
2000eedf  TimerEnable                      
2000f115  TimerIntClear                    
2000ef55  TimerIntDisable                  
2000eff9  TimerIntEnable                   
2000e9bd  TimerLoadSet                     
2000e9ed  TimerPrescaleSet                 
2000eb49  TimerSupport_timerDisable        
2000e66d  TimerSupport_timerEnable         
2000f145  TimerSupport_timerFullWidth      
2000eb71  TimerSupport_timerLoad           
2000f125  Timer_Params_init                
2000e4b1  Timer_close                      
2000fc48  Timer_config                     
2000fba2  Timer_count                      
2000dad3  Timer_init                       
2000ca2d  Timer_open                       
2000db35  Timer_setPeriod                  
2000e3a5  Timer_start                      
2000e575  Timer_stop                       
2000f1c7  UtilsDelay                       
20004000  __STACK_END                      
00001000  __STACK_SIZE                     
00008000  __SYSMEM_SIZE                    
00000000  __TI_ATRegion0_region_sz         
00000000  __TI_ATRegion0_src_addr          
00000000  __TI_ATRegion0_trg_addr          
00000000  __TI_ATRegion1_region_sz         
00000000  __TI_ATRegion1_src_addr          
00000000  __TI_ATRegion1_trg_addr          
00000000  __TI_ATRegion2_region_sz         
00000000  __TI_ATRegion2_src_addr          
00000000  __TI_ATRegion2_trg_addr          
20010020  __TI_CINIT_Base                  
20010030  __TI_CINIT_Limit                 
20010030  __TI_CINIT_Warm                  
2001000c  __TI_Handler_Table_Base          
20010018  __TI_Handler_Table_Limit         
2000e751  __TI_auto_init_nobinit_nopinit   
2000d7e1  __TI_decompress_lzss             
2000f153  __TI_decompress_none             
ffffffff  __TI_pprof_out_hndl              
ffffffff  __TI_prof_data_size              
ffffffff  __TI_prof_data_start             
2000ff2c  __TI_static_base__               
2000f0b1  __TI_zero_init_nomemset          
2000dd03  __aeabi_ldiv0                    
2000f1f5  __aeabi_memcpy                   
2000f1f5  __aeabi_memcpy4                  
2000f1f5  __aeabi_memcpy8                  
2000f00d  __aeabi_uldivmod                 
ffffffff  __binit__                        
UNDEFED   __mpu_init                       
20003000  __stack                          
20004000  __start___llvm_prf_bits          
20004000  __start___llvm_prf_cnts          
20004000  __stop___llvm_prf_bits           
20004000  __stop___llvm_prf_cnts           
2000d105  __udivmoddi4                     
2000ec75  _c_int00_noargs                  
2000f888  _lock                            
2000de63  _nop                             
20004040  _sys_memory                      
UNDEFED   _system_post_cinit               
2000f1f9  _system_pre_init                 
2000f88c  _unlock                          
2000f1fd  abort                            
2000ccb5  aligned_alloc                    
ffffffff  binit                            
2000e2d7  clkFxn                           
2000cdd5  free                             
2000ee09  gpioButtonFxn0                   
2000ee25  gpioButtonFxn1                   
2000fd84  gpioCallbackFunctions            
2000f770  gpioPinConfigs                   
2000fe08  gpioUserArgs                     
2000e631  initTimer                        
2000e8f9  initVectors                      
2000f135  main                             
2000ddb5  mainThread                       
2000f1cf  malloc                           
2000ccb5  memalign                         
2000f864  okMessage                        
2000f678  parkInfo                         
2000ee41  resetISR                         
2000f860  sosMessage                       
2000fc14  timerCC32XXHWAttrs               
2000fe8c  timerCC32XXObjects               
2000d055  timerCallback                    
2000f858  toggleMessage                    


GLOBAL SYMBOLS: SORTED BY Symbol Address 

address   name                             
-------   ----                             
00000000  __TI_ATRegion0_region_sz         
00000000  __TI_ATRegion0_src_addr          
00000000  __TI_ATRegion0_trg_addr          
00000000  __TI_ATRegion1_region_sz         
00000000  __TI_ATRegion1_src_addr          
00000000  __TI_ATRegion1_trg_addr          
00000000  __TI_ATRegion2_region_sz         
00000000  __TI_ATRegion2_src_addr          
00000000  __TI_ATRegion2_trg_addr          
00001000  __STACK_SIZE                     
00008000  __SYSMEM_SIZE                    
20003000  __stack                          
20004000  __STACK_END                      
20004000  __start___llvm_prf_bits          
20004000  __start___llvm_prf_cnts          
20004000  __stop___llvm_prf_bits           
20004000  __stop___llvm_prf_cnts           
20004040  _sys_memory                      
2000c041  PRCMCC3200MCUInit                
2000c4f9  Power_sleep                      
2000c8dd  PowerCC32XX_sleepPolicy          
2000ca2d  Timer_open                       
2000cb75  GPIO_setConfig                   
2000ccb5  aligned_alloc                    
2000ccb5  memalign                         
2000cdd5  free                             
2000cec5  IntDisable                       
2000cf8d  IntEnable                        
2000d055  timerCallback                    
2000d105  __udivmoddi4                     
2000d1b5  GPIOIntTypeSet                   
2000d261  IntPendSet                       
2000d305  PinConfigSet                     
2000d3a7  Board_initHook                   
2000d3a9  SemaphoreP_pend                  
2000d441  PowerCC32XX_enterLPDS            
2000d485  PowerCC32XX_resumeLPDS           
2000d4d7  PowerCC32XX_initPolicy           
2000d4d9  GPIO_init                        
2000d569  PRCMSysResetCauseGet             
2000d5f7  SemaphoreP_destruct              
2000d5f9  PowerCC32XX_configureWakeup      
2000d681  Power_init                       
2000d6f9  HwiP_construct                   
2000d76d  PRCMHibernateWakeUpGPIOSelect    
2000d7e1  __TI_decompress_lzss             
2000d851  PinLockLevelSet                  
2000d8bd  Power_setDependency              
2000da01  PRCMPeripheralReset              
2000da6b  IntPendClear                     
2000dad3  Timer_init                       
2000dad5  GPIO_write                       
2000db35  Timer_setPeriod                  
2000db95  FlashDisable                     
2000dbf1  PRCMHibernateWakeupSourceDisable 
2000dc4d  TimerCC32XX_allocateTimerResource
2000dca9  PRCMPeripheralClkEnable          
2000dd03  __aeabi_ldiv0                    
2000dd05  ClockP_startup                   
2000dd5d  IntPrioritySet                   
2000ddb5  mainThread                       
2000de0d  PRCMLPDSEnter                    
2000de63  _nop                             
2000de65  PowerCC32XX_setParkState         
2000deb9  Power_releaseDependency          
2000df0d  GPIO_hwiIntFxn                   
2000df5d  PRCMHibernateWakeupSourceEnable  
2000dfad  SemaphoreP_construct             
2000dffd  GPIO_setInterruptConfig          
2000e049  PRCMLPDSRestoreInfoSet           
2000e12d  ClockP_sysTickHandler            
2000e175  PRCMIntEnable                    
2000e1bd  PRCMPeripheralStatusGet          
2000e205  PinConfigGet                     
2000e24d  PRCMLPDSEnterKeepDebugIf         
2000e293  GPIODirModeSet                   
2000e2d7  clkFxn                           
2000e2d9  GPIO_disableInt                  
2000e31d  GPIO_enableInt                   
2000e361  Power_releaseConstraint          
2000e3a5  Timer_start                      
2000e42d  PinModeSet                       
2000e46f  TimerControlStall                
2000e4b1  Timer_close                      
2000e535  SemaphoreP_post                  
2000e575  Timer_stop                       
2000e5b5  PinDirModeSet                    
2000e5f5  ClockP_stop                      
2000e631  initTimer                        
2000e66d  TimerSupport_timerEnable         
2000e6a9  ClockP_destruct                  
2000e6e1  Power_setConstraint              
2000e719  SwiP_restore                     
2000e751  __TI_auto_init_nobinit_nopinit   
2000e789  PinLock                          
2000e7f5  ClockP_start                     
2000e829  PinDirModeGet                    
2000e85d  PinModeGet                       
2000e891  PowerCC32XX_parkPin              
2000e8c5  TimerCC32XX_freeTimerResource    
2000e8f9  initVectors                      
2000e92d  ClockP_getTicksUntilInterrupt    
2000e95d  PRCMLPDSIntervalSet              
2000e98d  PRCMSlowClkCtrFastGet            
2000e9bd  TimerLoadSet                     
2000e9ed  TimerPrescaleSet                 
2000ea4d  GPIOIntStatus                    
2000ea7b  HwiP_create                      
2000eaa5  PRCMLPDSWakeUpGPIOSelect         
2000eacf  PRCMPeripheralClkDisable         
2000eaf9  List_remove                      
2000eb21  PRCMSRAMRetentionEnable          
2000eb49  TimerSupport_timerDisable        
2000eb71  TimerSupport_timerLoad           
2000ebc1  IntUnregister                    
2000ebe5  List_put                         
2000ec09  PRCMLPDSWakeupSourceEnable       
2000ec2d  PowerCC32XX_restoreParkedPin     
2000ec51  Power_registerNotify             
2000ec75  _c_int00_noargs                  
2000ec99  GPIOPinWrite                     
2000ecbb  PinUnlock                        
2000ecdd  IntRegister                      
2000ecfd  Power_unregisterNotify           
2000ed1d  SemaphoreP_constructBinary       
2000ed3d  SemaphoreP_createBinary          
2000ed5d  TimerDisable                     
2000ed7d  GPIO_setCallback                 
2000ed99  HwiP_dispatch                    
2000edb5  SwiP_disable                     
2000ee09  gpioButtonFxn0                   
2000ee25  gpioButtonFxn1                   
2000ee41  resetISR                         
2000ee5d  GPIOIntDisable                   
2000ee77  PRCMHIBRegRead                   
2000ee91  PRCMHIBRegWrite                  
2000eeab  PRCMLPDSWakeupSourceDisable      
2000eec5  PinToPadGet                      
2000eedf  TimerEnable                      
2000eef9  GPIOIntEnable                    
2000ef11  SemaphoreP_create                
2000ef29  Board_init                       
2000ef3f  SysTickPeriodSet                 
2000ef55  TimerIntDisable                  
2000ef6b  CPUcpsid                         
2000ef7f  CPUcpsie                         
2000ef93  HwiP_destruct                    
2000efa7  IntVTableBaseSet                 
2000efbd  Power_disablePolicy              
2000efd1  Power_getTransitionLatency       
2000efe5  Power_idleFunc                   
2000eff9  TimerIntEnable                   
2000f00d  __aeabi_uldivmod                 
2000f021  ClockP_add                       
2000f033  GPIOIntClear                     
2000f045  HwiP_Params_init                 
2000f057  HwiP_delete                      
2000f069  SysTickEnable                    
2000f07b  SysTickIntDisable                
2000f08d  SysTickIntEnable                 
2000f09f  TI_memcpy_small                  
2000f0b1  __TI_zero_init_nomemset          
2000f0c5  ClockP_getCpuFreq                
2000f0d5  ClockP_getSystemTicks            
2000f0e5  ClockP_setTicks                  
2000f0f5  HwiP_inISR                       
2000f105  Power_enablePolicy               
2000f115  TimerIntClear                    
2000f125  Timer_Params_init                
2000f135  main                             
2000f145  TimerSupport_timerFullWidth      
2000f153  __TI_decompress_none             
2000f161  CPUwfi                           
2000f16d  PRCMLPDSWakeupCauseGet           
2000f179  Power_getConstraintMask          
2000f191  ClockP_isActive                  
2000f19b  IntMasterDisable                 
2000f1a5  IntMasterEnable                  
2000f1af  HwiP_disable                     
2000f1b7  HwiP_restore                     
2000f1bf  PRCMSleepEnter                   
2000f1c7  UtilsDelay                       
2000f1cf  malloc                           
2000f1d7  ClockP_doTick                    
2000f1db  HwiP_clearInterrupt              
2000f1df  HwiP_enable                      
2000f1e3  HwiP_post                        
2000f1eb  NoRTOS_start                     
2000f1ef  SemaphoreP_delete                
2000f1f5  __aeabi_memcpy                   
2000f1f5  __aeabi_memcpy4                  
2000f1f5  __aeabi_memcpy8                  
2000f1f9  _system_pre_init                 
2000f1fc  C$$EXIT                          
2000f1fd  abort                            
2000f50c  PowerCC32XX_module               
2000f678  parkInfo                         
2000f770  gpioPinConfigs                   
2000f858  toggleMessage                    
2000f859  SOS                              
2000f860  sosMessage                       
2000f864  okMessage                        
2000f86c  HwiP_swiPIntNum                  
2000f878  SemaphoreP_defaultParams         
2000f884  ClockP_tickPeriod                
2000f888  _lock                            
2000f88c  _unlock                          
2000fb14  PowerCC32XX_config               
2000fba1  GPIO_pinUpperBound               
2000fba2  Timer_count                      
2000fc04  GPIO_config                      
2000fc14  timerCC32XXHWAttrs               
2000fc48  Timer_config                     
2000fc58  PowerCC32XX_contextSave          
2000fd84  gpioCallbackFunctions            
2000fe08  gpioUserArgs                     
2000fe8c  timerCC32XXObjects               
2000ff10  ClockP_ctrl                      
2000ff2c  __TI_static_base__               
2001000c  __TI_Handler_Table_Base          
20010018  __TI_Handler_Table_Limit         
20010020  __TI_CINIT_Base                  
20010030  __TI_CINIT_Limit                 
20010030  __TI_CINIT_Warm                  
ffffffff  __TI_pprof_out_hndl              
ffffffff  __TI_prof_data_size              
ffffffff  __TI_prof_data_start             
ffffffff  __binit__                        
ffffffff  binit                            
UNDEFED   ITM_flush                        
UNDEFED   ITM_restore                      
UNDEFED   __mpu_init                       
UNDEFED   _system_post_cinit               

[233 symbols]
