<?xml version="1.0" encoding="ISO-8859-1" ?>
<link_info>
   <banner>TI ARM Clang Linker PC v3.2.2.LTS</banner>
   <copyright>Copyright (c) 1996-2018 Texas Instruments Incorporated</copyright>
   <link_time>0x66b96e9e</link_time>
   <link_errors>0x0</link_errors>
   <output_file>C:\ti\CS 350 milestone 3 Lomeli\gpiointerrupt_CC3220S_LAUNCHXL_nortos_ticlang\MCU+Image\gpiointerrupt_CC3220S_LAUNCHXL_nortos_ticlang.out</output_file>
   <entry_point>
      <name>resetISR</name>
      <address>0x2000ee41</address>
   </entry_point>
   <input_file_list>
      <input_file id="fl-1">
         <path>C:\ti\CS 350 milestone 3 Lomeli\gpiointerrupt_CC3220S_LAUNCHXL_nortos_ticlang\MCU+Image\.\</path>
         <kind>object</kind>
         <file>gpiointerrupt.o</file>
         <name>gpiointerrupt.o</name>
      </input_file>
      <input_file id="fl-2">
         <path>C:\ti\CS 350 milestone 3 Lomeli\gpiointerrupt_CC3220S_LAUNCHXL_nortos_ticlang\MCU+Image\.\syscfg\</path>
         <kind>object</kind>
         <file>ti_drivers_config.o</file>
         <name>ti_drivers_config.o</name>
      </input_file>
      <input_file id="fl-3">
         <path>C:\ti\CS 350 milestone 3 Lomeli\gpiointerrupt_CC3220S_LAUNCHXL_nortos_ticlang\MCU+Image\.\</path>
         <kind>object</kind>
         <file>main_nortos.o</file>
         <name>main_nortos.o</name>
      </input_file>
      <input_file id="fl-13">
         <path>C:\ti\CS 350 milestone 3 Lomeli\gpiointerrupt_CC3220S_LAUNCHXL_nortos_ticlang\MCU+Image\</path>
         <kind>object</kind>
         <file>&lt;internal&gt;</file>
         <name>&lt;internal&gt;</name>
      </input_file>
      <input_file id="fl-14">
         <path>C:\ti\simplelink_cc32xx_sdk_7_10_00_13\source\ti\drivers\lib\ticlang\m4\</path>
         <kind>archive</kind>
         <file>drivers_cc32xx.a</file>
         <name>GPIO.c.obj</name>
      </input_file>
      <input_file id="fl-15">
         <path>C:\ti\simplelink_cc32xx_sdk_7_10_00_13\source\ti\drivers\lib\ticlang\m4\</path>
         <kind>archive</kind>
         <file>drivers_cc32xx.a</file>
         <name>GPIOCC32XX.c.obj</name>
      </input_file>
      <input_file id="fl-16">
         <path>C:\ti\simplelink_cc32xx_sdk_7_10_00_13\source\ti\drivers\lib\ticlang\m4\</path>
         <kind>archive</kind>
         <file>drivers_cc32xx.a</file>
         <name>PowerCC32XX.c.obj</name>
      </input_file>
      <input_file id="fl-17">
         <path>C:\ti\simplelink_cc32xx_sdk_7_10_00_13\source\ti\drivers\lib\ticlang\m4\</path>
         <kind>archive</kind>
         <file>drivers_cc32xx.a</file>
         <name>PowerCC32XX_ticlang.asm.obj</name>
      </input_file>
      <input_file id="fl-18">
         <path>C:\ti\simplelink_cc32xx_sdk_7_10_00_13\source\ti\drivers\lib\ticlang\m4\</path>
         <kind>archive</kind>
         <file>drivers_cc32xx.a</file>
         <name>Timer.c.obj</name>
      </input_file>
      <input_file id="fl-19">
         <path>C:\ti\simplelink_cc32xx_sdk_7_10_00_13\source\ti\drivers\lib\ticlang\m4\</path>
         <kind>archive</kind>
         <file>drivers_cc32xx.a</file>
         <name>TimerCC32XX.c.obj</name>
      </input_file>
      <input_file id="fl-1a">
         <path>C:\ti\simplelink_cc32xx_sdk_7_10_00_13\source\ti\drivers\lib\ticlang\m4\</path>
         <kind>archive</kind>
         <file>drivers_cc32xx.a</file>
         <name>List.c.obj</name>
      </input_file>
      <input_file id="fl-1b">
         <path>C:\ti\simplelink_cc32xx_sdk_7_10_00_13\kernel\nortos\lib\ticlang\m4\</path>
         <kind>archive</kind>
         <file>nortos_cc32xx.a</file>
         <name>NoRTOS.c.obj</name>
      </input_file>
      <input_file id="fl-1c">
         <path>C:\ti\simplelink_cc32xx_sdk_7_10_00_13\kernel\nortos\lib\ticlang\m4\</path>
         <kind>archive</kind>
         <file>nortos_cc32xx.a</file>
         <name>SemaphoreP_nortos.c.obj</name>
      </input_file>
      <input_file id="fl-1d">
         <path>C:\ti\simplelink_cc32xx_sdk_7_10_00_13\kernel\nortos\lib\ticlang\m4\</path>
         <kind>archive</kind>
         <file>nortos_cc32xx.a</file>
         <name>ClockPSysTick_nortos.c.obj</name>
      </input_file>
      <input_file id="fl-1e">
         <path>C:\ti\simplelink_cc32xx_sdk_7_10_00_13\kernel\nortos\lib\ticlang\m4\</path>
         <kind>archive</kind>
         <file>nortos_cc32xx.a</file>
         <name>HwiPCC32XX_nortos.c.obj</name>
      </input_file>
      <input_file id="fl-1f">
         <path>C:\ti\simplelink_cc32xx_sdk_7_10_00_13\kernel\nortos\lib\ticlang\m4\</path>
         <kind>archive</kind>
         <file>nortos_cc32xx.a</file>
         <name>PowerCC32XX_nortos.c.obj</name>
      </input_file>
      <input_file id="fl-20">
         <path>C:\ti\simplelink_cc32xx_sdk_7_10_00_13\kernel\nortos\lib\ticlang\m4\</path>
         <kind>archive</kind>
         <file>nortos_cc32xx.a</file>
         <name>startup_cc32xx_ticlang.c.obj</name>
      </input_file>
      <input_file id="fl-21">
         <path>C:\ti\simplelink_cc32xx_sdk_7_10_00_13\kernel\nortos\lib\ticlang\m4\</path>
         <kind>archive</kind>
         <file>nortos_cc32xx.a</file>
         <name>SwiP_nortos.c.obj</name>
      </input_file>
      <input_file id="fl-22">
         <path>C:\ti\simplelink_cc32xx_sdk_7_10_00_13\source\ti\devices\cc32xx\driverlib\ticlang\Release\</path>
         <kind>archive</kind>
         <file>driverlib.a</file>
         <name>cpu.obj</name>
      </input_file>
      <input_file id="fl-23">
         <path>C:\ti\simplelink_cc32xx_sdk_7_10_00_13\source\ti\devices\cc32xx\driverlib\ticlang\Release\</path>
         <kind>archive</kind>
         <file>driverlib.a</file>
         <name>gpio.obj</name>
      </input_file>
      <input_file id="fl-24">
         <path>C:\ti\simplelink_cc32xx_sdk_7_10_00_13\source\ti\devices\cc32xx\driverlib\ticlang\Release\</path>
         <kind>archive</kind>
         <file>driverlib.a</file>
         <name>hwspinlock.obj</name>
      </input_file>
      <input_file id="fl-25">
         <path>C:\ti\simplelink_cc32xx_sdk_7_10_00_13\source\ti\devices\cc32xx\driverlib\ticlang\Release\</path>
         <kind>archive</kind>
         <file>driverlib.a</file>
         <name>interrupt.obj</name>
      </input_file>
      <input_file id="fl-26">
         <path>C:\ti\simplelink_cc32xx_sdk_7_10_00_13\source\ti\devices\cc32xx\driverlib\ticlang\Release\</path>
         <kind>archive</kind>
         <file>driverlib.a</file>
         <name>pin.obj</name>
      </input_file>
      <input_file id="fl-27">
         <path>C:\ti\simplelink_cc32xx_sdk_7_10_00_13\source\ti\devices\cc32xx\driverlib\ticlang\Release\</path>
         <kind>archive</kind>
         <file>driverlib.a</file>
         <name>prcm.obj</name>
      </input_file>
      <input_file id="fl-28">
         <path>C:\ti\simplelink_cc32xx_sdk_7_10_00_13\source\ti\devices\cc32xx\driverlib\ticlang\Release\</path>
         <kind>archive</kind>
         <file>driverlib.a</file>
         <name>spi.obj</name>
      </input_file>
      <input_file id="fl-29">
         <path>C:\ti\simplelink_cc32xx_sdk_7_10_00_13\source\ti\devices\cc32xx\driverlib\ticlang\Release\</path>
         <kind>archive</kind>
         <file>driverlib.a</file>
         <name>systick.obj</name>
      </input_file>
      <input_file id="fl-2a">
         <path>C:\ti\simplelink_cc32xx_sdk_7_10_00_13\source\ti\devices\cc32xx\driverlib\ticlang\Release\</path>
         <kind>archive</kind>
         <file>driverlib.a</file>
         <name>timer.obj</name>
      </input_file>
      <input_file id="fl-2b">
         <path>C:\ti\simplelink_cc32xx_sdk_7_10_00_13\source\ti\devices\cc32xx\driverlib\ticlang\Release\</path>
         <kind>archive</kind>
         <file>driverlib.a</file>
         <name>utils.obj</name>
      </input_file>
      <input_file id="fl-2c">
         <path>C:\ti\simplelink_cc32xx_sdk_7_10_00_13\source\ti\devices\cc32xx\driverlib\ticlang\Release\</path>
         <kind>archive</kind>
         <file>driverlib.a</file>
         <name>flash.obj</name>
      </input_file>
      <input_file id="fl-3b">
         <path>C:\ti\ccs1271\ccs\tools\compiler\ti-cgt-armllvm_3.2.2.LTS\lib\armv7em-ti-none-eabi\c\</path>
         <kind>archive</kind>
         <file>libc.a</file>
         <name>memory.c.obj</name>
      </input_file>
      <input_file id="fl-3c">
         <path>C:\ti\ccs1271\ccs\tools\compiler\ti-cgt-armllvm_3.2.2.LTS\lib\armv7em-ti-none-eabi\c\</path>
         <kind>archive</kind>
         <file>libc.a</file>
         <name>boot_cortex_m.c.obj</name>
      </input_file>
      <input_file id="fl-3d">
         <path>C:\ti\ccs1271\ccs\tools\compiler\ti-cgt-armllvm_3.2.2.LTS\lib\armv7em-ti-none-eabi\c\</path>
         <kind>archive</kind>
         <file>libc.a</file>
         <name>mathacl_init.c.obj</name>
      </input_file>
      <input_file id="fl-3e">
         <path>C:\ti\ccs1271\ccs\tools\compiler\ti-cgt-armllvm_3.2.2.LTS\lib\armv7em-ti-none-eabi\c\</path>
         <kind>archive</kind>
         <file>libc.a</file>
         <name>autoinit.c.obj</name>
      </input_file>
      <input_file id="fl-3f">
         <path>C:\ti\ccs1271\ccs\tools\compiler\ti-cgt-armllvm_3.2.2.LTS\lib\armv7em-ti-none-eabi\c\</path>
         <kind>archive</kind>
         <file>libc.a</file>
         <name>pre_init.c.obj</name>
      </input_file>
      <input_file id="fl-40">
         <path>C:\ti\ccs1271\ccs\tools\compiler\ti-cgt-armllvm_3.2.2.LTS\lib\armv7em-ti-none-eabi\c\</path>
         <kind>archive</kind>
         <file>libc.a</file>
         <name>cpy_tbl.c.obj</name>
      </input_file>
      <input_file id="fl-41">
         <path>C:\ti\ccs1271\ccs\tools\compiler\ti-cgt-armllvm_3.2.2.LTS\lib\armv7em-ti-none-eabi\c\</path>
         <kind>archive</kind>
         <file>libc.a</file>
         <name>copy_zero_init.c.obj</name>
      </input_file>
      <input_file id="fl-42">
         <path>C:\ti\ccs1271\ccs\tools\compiler\ti-cgt-armllvm_3.2.2.LTS\lib\armv7em-ti-none-eabi\c\</path>
         <kind>archive</kind>
         <file>libc.a</file>
         <name>copy_decompress_none.c.obj</name>
      </input_file>
      <input_file id="fl-43">
         <path>C:\ti\ccs1271\ccs\tools\compiler\ti-cgt-armllvm_3.2.2.LTS\lib\armv7em-ti-none-eabi\c\</path>
         <kind>archive</kind>
         <file>libc.a</file>
         <name>copy_decompress_lzss.c.obj</name>
      </input_file>
      <input_file id="fl-44">
         <path>C:\ti\ccs1271\ccs\tools\compiler\ti-cgt-armllvm_3.2.2.LTS\lib\armv7em-ti-none-eabi\c\</path>
         <kind>archive</kind>
         <file>libc.a</file>
         <name>exit.c.obj</name>
      </input_file>
      <input_file id="fl-45">
         <path>C:\ti\ccs1271\ccs\tools\compiler\ti-cgt-armllvm_3.2.2.LTS\lib\armv7em-ti-none-eabi\c\</path>
         <kind>archive</kind>
         <file>libc.a</file>
         <name>_lock.c.obj</name>
      </input_file>
      <input_file id="fl-46">
         <path>C:\ti\ccs1271\ccs\tools\compiler\ti-cgt-armllvm_3.2.2.LTS\lib\armv7em-ti-none-eabi\c\</path>
         <kind>archive</kind>
         <file>libc.a</file>
         <name>args_main.c.obj</name>
      </input_file>
      <input_file id="fl-ac">
         <path>C:\ti\ccs1271\ccs\tools\compiler\ti-cgt-armllvm_3.2.2.LTS\lib\clang\15.0.7\lib\armv7em-ti-none-eabi\</path>
         <kind>archive</kind>
         <file>libclang_rt.builtins.a</file>
         <name>aeabi_memcpy.S.obj</name>
      </input_file>
      <input_file id="fl-ad">
         <path>C:\ti\ccs1271\ccs\tools\compiler\ti-cgt-armllvm_3.2.2.LTS\lib\clang\15.0.7\lib\armv7em-ti-none-eabi\</path>
         <kind>archive</kind>
         <file>libclang_rt.builtins.a</file>
         <name>aeabi_memset.S.obj</name>
      </input_file>
      <input_file id="fl-ae">
         <path>C:\ti\ccs1271\ccs\tools\compiler\ti-cgt-armllvm_3.2.2.LTS\lib\clang\15.0.7\lib\armv7em-ti-none-eabi\</path>
         <kind>archive</kind>
         <file>libclang_rt.builtins.a</file>
         <name>aeabi_uldivmod.S.obj</name>
      </input_file>
      <input_file id="fl-af">
         <path>C:\ti\ccs1271\ccs\tools\compiler\ti-cgt-armllvm_3.2.2.LTS\lib\clang\15.0.7\lib\armv7em-ti-none-eabi\</path>
         <kind>archive</kind>
         <file>libclang_rt.builtins.a</file>
         <name>udivmoddi4.S.obj</name>
      </input_file>
      <input_file id="fl-b0">
         <path>C:\ti\ccs1271\ccs\tools\compiler\ti-cgt-armllvm_3.2.2.LTS\lib\clang\15.0.7\lib\armv7em-ti-none-eabi\</path>
         <kind>archive</kind>
         <file>libclang_rt.builtins.a</file>
         <name>aeabi_div0.c.obj</name>
      </input_file>
      <input_file id="fl-b1">
         <path>C:\ti\ccs1271\ccs\tools\compiler\ti-cgt-armllvm_3.2.2.LTS\lib\armv7em-ti-none-eabi\c\</path>
         <kind>archive</kind>
         <file>libc.a</file>
         <name>memcpy_t2.S.obj</name>
      </input_file>
      <input_file id="fl-b2">
         <path>C:\ti\ccs1271\ccs\tools\compiler\ti-cgt-armllvm_3.2.2.LTS\lib\armv7em-ti-none-eabi\c\</path>
         <kind>archive</kind>
         <file>libc.a</file>
         <name>memset_t2.S.obj</name>
      </input_file>
   </input_file_list>
   <object_component_list>
      <object_component id="oc-d2">
         <name>.text.PRCMCC3200MCUInit</name>
         <load_address>0x2000c040</load_address>
         <readonly>true</readonly>
         <executable>true</executable>
         <run_address>0x2000c040</run_address>
         <size>0x4b8</size>
         <alignment>0x2</alignment>
         <input_file_ref idref="fl-27"/>
      </object_component>
      <object_component id="oc-1c2">
         <name>.text.Power_sleep</name>
         <load_address>0x2000c4f8</load_address>
         <readonly>true</readonly>
         <executable>true</executable>
         <run_address>0x2000c4f8</run_address>
         <size>0x3e4</size>
         <alignment>0x4</alignment>
         <input_file_ref idref="fl-16"/>
      </object_component>
      <object_component id="oc-171">
         <name>.text.PowerCC32XX_sleepPolicy</name>
         <load_address>0x2000c8dc</load_address>
         <readonly>true</readonly>
         <executable>true</executable>
         <run_address>0x2000c8dc</run_address>
         <size>0x150</size>
         <alignment>0x4</alignment>
         <input_file_ref idref="fl-1f"/>
      </object_component>
      <object_component id="oc-144">
         <name>.text.Timer_open</name>
         <load_address>0x2000ca2c</load_address>
         <readonly>true</readonly>
         <executable>true</executable>
         <run_address>0x2000ca2c</run_address>
         <size>0x148</size>
         <alignment>0x4</alignment>
         <input_file_ref idref="fl-19"/>
      </object_component>
      <object_component id="oc-f4">
         <name>.text.GPIO_setConfig</name>
         <load_address>0x2000cb74</load_address>
         <readonly>true</readonly>
         <executable>true</executable>
         <run_address>0x2000cb74</run_address>
         <size>0x140</size>
         <alignment>0x4</alignment>
         <input_file_ref idref="fl-15"/>
      </object_component>
      <object_component id="oc-1ea">
         <name>.text.aligned_alloc</name>
         <load_address>0x2000ccb4</load_address>
         <readonly>true</readonly>
         <executable>true</executable>
         <run_address>0x2000ccb4</run_address>
         <size>0x120</size>
         <alignment>0x4</alignment>
         <input_file_ref idref="fl-3b"/>
      </object_component>
      <object_component id="oc-178">
         <name>.text.free</name>
         <load_address>0x2000cdd4</load_address>
         <readonly>true</readonly>
         <executable>true</executable>
         <run_address>0x2000cdd4</run_address>
         <size>0xf0</size>
         <alignment>0x4</alignment>
         <input_file_ref idref="fl-3b"/>
      </object_component>
      <object_component id="oc-233">
         <name>.text.IntDisable</name>
         <load_address>0x2000cec4</load_address>
         <readonly>true</readonly>
         <executable>true</executable>
         <run_address>0x2000cec4</run_address>
         <size>0xc8</size>
         <alignment>0x2</alignment>
         <input_file_ref idref="fl-25"/>
      </object_component>
      <object_component id="oc-1ed">
         <name>.text.IntEnable</name>
         <load_address>0x2000cf8c</load_address>
         <readonly>true</readonly>
         <executable>true</executable>
         <run_address>0x2000cf8c</run_address>
         <size>0xc8</size>
         <alignment>0x2</alignment>
         <input_file_ref idref="fl-25"/>
      </object_component>
      <object_component id="oc-14b">
         <name>.text.timerCallback</name>
         <load_address>0x2000d054</load_address>
         <readonly>true</readonly>
         <executable>true</executable>
         <run_address>0x2000d054</run_address>
         <size>0xb0</size>
         <alignment>0x4</alignment>
         <input_file_ref idref="fl-1"/>
      </object_component>
      <object_component id="oc-1f7">
         <name>.text</name>
         <load_address>0x2000d104</load_address>
         <readonly>true</readonly>
         <executable>true</executable>
         <run_address>0x2000d104</run_address>
         <size>0xb0</size>
         <alignment>0x4</alignment>
         <input_file_ref idref="fl-af"/>
      </object_component>
      <object_component id="oc-1a5">
         <name>.text.GPIOIntTypeSet</name>
         <load_address>0x2000d1b4</load_address>
         <readonly>true</readonly>
         <executable>true</executable>
         <run_address>0x2000d1b4</run_address>
         <size>0xac</size>
         <alignment>0x2</alignment>
         <input_file_ref idref="fl-23"/>
      </object_component>
      <object_component id="oc-22f">
         <name>.text.IntPendSet</name>
         <load_address>0x2000d260</load_address>
         <readonly>true</readonly>
         <executable>true</executable>
         <run_address>0x2000d260</run_address>
         <size>0xa4</size>
         <alignment>0x2</alignment>
         <input_file_ref idref="fl-25"/>
      </object_component>
      <object_component id="oc-14c">
         <name>.text.PinConfigSet</name>
         <load_address>0x2000d304</load_address>
         <readonly>true</readonly>
         <executable>true</executable>
         <run_address>0x2000d304</run_address>
         <size>0xa2</size>
         <alignment>0x2</alignment>
         <input_file_ref idref="fl-26"/>
      </object_component>
      <object_component id="oc-e2">
         <name>.text.Board_initHook</name>
         <load_address>0x2000d3a6</load_address>
         <readonly>true</readonly>
         <executable>true</executable>
         <run_address>0x2000d3a6</run_address>
         <size>0x2</size>
         <alignment>0x2</alignment>
         <input_file_ref idref="fl-2"/>
      </object_component>
      <object_component id="oc-126">
         <name>.text.SemaphoreP_pend</name>
         <load_address>0x2000d3a8</load_address>
         <readonly>true</readonly>
         <executable>true</executable>
         <run_address>0x2000d3a8</run_address>
         <size>0x98</size>
         <alignment>0x4</alignment>
         <input_file_ref idref="fl-1c"/>
      </object_component>
      <object_component id="oc-204">
         <name>.text</name>
         <load_address>0x2000d440</load_address>
         <readonly>true</readonly>
         <executable>true</executable>
         <run_address>0x2000d440</run_address>
         <size>0x96</size>
         <alignment>0x10</alignment>
         <input_file_ref idref="fl-17"/>
      </object_component>
      <object_component id="oc-16c">
         <name>.text.PowerCC32XX_initPolicy</name>
         <load_address>0x2000d4d6</load_address>
         <readonly>true</readonly>
         <executable>true</executable>
         <run_address>0x2000d4d6</run_address>
         <size>0x2</size>
         <alignment>0x2</alignment>
         <input_file_ref idref="fl-1f"/>
      </object_component>
      <object_component id="oc-dc">
         <name>.text.GPIO_init</name>
         <load_address>0x2000d4d8</load_address>
         <readonly>true</readonly>
         <executable>true</executable>
         <run_address>0x2000d4d8</run_address>
         <size>0x90</size>
         <alignment>0x4</alignment>
         <input_file_ref idref="fl-15"/>
      </object_component>
      <object_component id="oc-105">
         <name>.text.PRCMSysResetCauseGet</name>
         <load_address>0x2000d568</load_address>
         <readonly>true</readonly>
         <executable>true</executable>
         <run_address>0x2000d568</run_address>
         <size>0x8e</size>
         <alignment>0x2</alignment>
         <input_file_ref idref="fl-27"/>
      </object_component>
      <object_component id="oc-1d8">
         <name>.text.SemaphoreP_destruct</name>
         <load_address>0x2000d5f6</load_address>
         <readonly>true</readonly>
         <executable>true</executable>
         <run_address>0x2000d5f6</run_address>
         <size>0x2</size>
         <alignment>0x2</alignment>
         <input_file_ref idref="fl-1c"/>
      </object_component>
      <object_component id="oc-117">
         <name>.text.PowerCC32XX_configureWakeup</name>
         <load_address>0x2000d5f8</load_address>
         <readonly>true</readonly>
         <executable>true</executable>
         <run_address>0x2000d5f8</run_address>
         <size>0x88</size>
         <alignment>0x4</alignment>
         <input_file_ref idref="fl-16"/>
      </object_component>
      <object_component id="oc-d7">
         <name>.text.Power_init</name>
         <load_address>0x2000d680</load_address>
         <readonly>true</readonly>
         <executable>true</executable>
         <run_address>0x2000d680</run_address>
         <size>0x78</size>
         <alignment>0x4</alignment>
         <input_file_ref idref="fl-16"/>
      </object_component>
      <object_component id="oc-1a4">
         <name>.text.HwiP_construct</name>
         <load_address>0x2000d6f8</load_address>
         <readonly>true</readonly>
         <executable>true</executable>
         <run_address>0x2000d6f8</run_address>
         <size>0x74</size>
         <alignment>0x4</alignment>
         <input_file_ref idref="fl-1e"/>
      </object_component>
      <object_component id="oc-169">
         <name>.text.PRCMHibernateWakeUpGPIOSelect</name>
         <load_address>0x2000d76c</load_address>
         <readonly>true</readonly>
         <executable>true</executable>
         <run_address>0x2000d76c</run_address>
         <size>0x74</size>
         <alignment>0x2</alignment>
         <input_file_ref idref="fl-27"/>
      </object_component>
      <object_component id="oc-18">
         <name>.text:decompress:lzss</name>
         <load_address>0x2000d7e0</load_address>
         <readonly>true</readonly>
         <executable>true</executable>
         <run_address>0x2000d7e0</run_address>
         <size>0x70</size>
         <alignment>0x2</alignment>
         <input_file_ref idref="fl-43"/>
      </object_component>
      <object_component id="oc-201">
         <name>.text.PinLockLevelSet</name>
         <load_address>0x2000d850</load_address>
         <readonly>true</readonly>
         <executable>true</executable>
         <run_address>0x2000d850</run_address>
         <size>0x6c</size>
         <alignment>0x2</alignment>
         <input_file_ref idref="fl-26"/>
      </object_component>
      <object_component id="oc-14d">
         <name>.text.Power_setDependency</name>
         <load_address>0x2000d8bc</load_address>
         <readonly>true</readonly>
         <executable>true</executable>
         <run_address>0x2000d8bc</run_address>
         <size>0x6c</size>
         <alignment>0x4</alignment>
         <input_file_ref idref="fl-16"/>
      </object_component>
      <object_component id="oc-12d">
         <name>.text.powerNotifyFxn</name>
         <load_address>0x2000d928</load_address>
         <readonly>true</readonly>
         <executable>true</executable>
         <run_address>0x2000d928</run_address>
         <size>0x6c</size>
         <alignment>0x4</alignment>
         <input_file_ref idref="fl-15"/>
      </object_component>
      <object_component id="oc-219">
         <name>.text.split</name>
         <load_address>0x2000d994</load_address>
         <readonly>true</readonly>
         <executable>true</executable>
         <run_address>0x2000d994</run_address>
         <size>0x6c</size>
         <alignment>0x4</alignment>
         <input_file_ref idref="fl-3b"/>
      </object_component>
      <object_component id="oc-10d">
         <name>.text.PRCMPeripheralReset</name>
         <load_address>0x2000da00</load_address>
         <readonly>true</readonly>
         <executable>true</executable>
         <run_address>0x2000da00</run_address>
         <size>0x6a</size>
         <alignment>0x2</alignment>
         <input_file_ref idref="fl-27"/>
      </object_component>
      <object_component id="oc-214">
         <name>.text.IntPendClear</name>
         <load_address>0x2000da6a</load_address>
         <readonly>true</readonly>
         <executable>true</executable>
         <run_address>0x2000da6a</run_address>
         <size>0x68</size>
         <alignment>0x2</alignment>
         <input_file_ref idref="fl-25"/>
      </object_component>
      <object_component id="oc-13d">
         <name>.text.Timer_init</name>
         <load_address>0x2000dad2</load_address>
         <readonly>true</readonly>
         <executable>true</executable>
         <run_address>0x2000dad2</run_address>
         <size>0x2</size>
         <alignment>0x2</alignment>
         <input_file_ref idref="fl-18"/>
      </object_component>
      <object_component id="oc-1a0">
         <name>.text.GPIO_write</name>
         <load_address>0x2000dad4</load_address>
         <readonly>true</readonly>
         <executable>true</executable>
         <run_address>0x2000dad4</run_address>
         <size>0x60</size>
         <alignment>0x4</alignment>
         <input_file_ref idref="fl-15"/>
      </object_component>
      <object_component id="oc-1a1">
         <name>.text.Timer_setPeriod</name>
         <load_address>0x2000db34</load_address>
         <readonly>true</readonly>
         <executable>true</executable>
         <run_address>0x2000db34</run_address>
         <size>0x60</size>
         <alignment>0x4</alignment>
         <input_file_ref idref="fl-18"/>
      </object_component>
      <object_component id="oc-22a">
         <name>.text.FlashDisable</name>
         <load_address>0x2000db94</load_address>
         <readonly>true</readonly>
         <executable>true</executable>
         <run_address>0x2000db94</run_address>
         <size>0x5c</size>
         <alignment>0x2</alignment>
         <input_file_ref idref="fl-2c"/>
      </object_component>
      <object_component id="oc-16b">
         <name>.text.PRCMHibernateWakeupSourceDisable</name>
         <load_address>0x2000dbf0</load_address>
         <readonly>true</readonly>
         <executable>true</executable>
         <run_address>0x2000dbf0</run_address>
         <size>0x5c</size>
         <alignment>0x2</alignment>
         <input_file_ref idref="fl-27"/>
      </object_component>
      <object_component id="oc-192">
         <name>.text.TimerCC32XX_allocateTimerResource</name>
         <load_address>0x2000dc4c</load_address>
         <readonly>true</readonly>
         <executable>true</executable>
         <run_address>0x2000dc4c</run_address>
         <size>0x5c</size>
         <alignment>0x4</alignment>
         <input_file_ref idref="fl-19"/>
      </object_component>
      <object_component id="oc-10c">
         <name>.text.PRCMPeripheralClkEnable</name>
         <load_address>0x2000dca8</load_address>
         <readonly>true</readonly>
         <executable>true</executable>
         <run_address>0x2000dca8</run_address>
         <size>0x5a</size>
         <alignment>0x2</alignment>
         <input_file_ref idref="fl-27"/>
      </object_component>
      <object_component id="oc-21e">
         <name>.text.__aeabi_ldiv0</name>
         <load_address>0x2000dd02</load_address>
         <readonly>true</readonly>
         <executable>true</executable>
         <run_address>0x2000dd02</run_address>
         <size>0x2</size>
         <alignment>0x2</alignment>
         <input_file_ref idref="fl-b0"/>
      </object_component>
      <object_component id="oc-1f5">
         <name>.text.ClockP_startup</name>
         <load_address>0x2000dd04</load_address>
         <readonly>true</readonly>
         <executable>true</executable>
         <run_address>0x2000dd04</run_address>
         <size>0x58</size>
         <alignment>0x4</alignment>
         <input_file_ref idref="fl-1d"/>
      </object_component>
      <object_component id="oc-1ec">
         <name>.text.IntPrioritySet</name>
         <load_address>0x2000dd5c</load_address>
         <readonly>true</readonly>
         <executable>true</executable>
         <run_address>0x2000dd5c</run_address>
         <size>0x58</size>
         <alignment>0x2</alignment>
         <input_file_ref idref="fl-25"/>
      </object_component>
      <object_component id="oc-b0">
         <name>.text.mainThread</name>
         <load_address>0x2000ddb4</load_address>
         <readonly>true</readonly>
         <executable>true</executable>
         <run_address>0x2000ddb4</run_address>
         <size>0x58</size>
         <alignment>0x4</alignment>
         <input_file_ref idref="fl-1"/>
      </object_component>
      <object_component id="oc-20e">
         <name>.text.PRCMLPDSEnter</name>
         <load_address>0x2000de0c</load_address>
         <readonly>true</readonly>
         <executable>true</executable>
         <run_address>0x2000de0c</run_address>
         <size>0x56</size>
         <alignment>0x2</alignment>
         <input_file_ref idref="fl-27"/>
      </object_component>
      <object_component id="oc-157">
         <name>.text._nop</name>
         <load_address>0x2000de62</load_address>
         <readonly>true</readonly>
         <executable>true</executable>
         <run_address>0x2000de62</run_address>
         <size>0x2</size>
         <alignment>0x2</alignment>
         <input_file_ref idref="fl-45"/>
      </object_component>
      <object_component id="oc-18b">
         <name>.text.PowerCC32XX_setParkState</name>
         <load_address>0x2000de64</load_address>
         <readonly>true</readonly>
         <executable>true</executable>
         <run_address>0x2000de64</run_address>
         <size>0x54</size>
         <alignment>0x4</alignment>
         <input_file_ref idref="fl-16"/>
      </object_component>
      <object_component id="oc-216">
         <name>.text.Power_releaseDependency</name>
         <load_address>0x2000deb8</load_address>
         <readonly>true</readonly>
         <executable>true</executable>
         <run_address>0x2000deb8</run_address>
         <size>0x54</size>
         <alignment>0x4</alignment>
         <input_file_ref idref="fl-16"/>
      </object_component>
      <object_component id="oc-155">
         <name>.text.GPIO_hwiIntFxn</name>
         <load_address>0x2000df0c</load_address>
         <readonly>true</readonly>
         <executable>true</executable>
         <run_address>0x2000df0c</run_address>
         <size>0x50</size>
         <alignment>0x4</alignment>
         <input_file_ref idref="fl-15"/>
      </object_component>
      <object_component id="oc-16a">
         <name>.text.PRCMHibernateWakeupSourceEnable</name>
         <load_address>0x2000df5c</load_address>
         <readonly>true</readonly>
         <executable>true</executable>
         <run_address>0x2000df5c</run_address>
         <size>0x50</size>
         <alignment>0x2</alignment>
         <input_file_ref idref="fl-27"/>
      </object_component>
      <object_component id="oc-1cb">
         <name>.text.SemaphoreP_construct</name>
         <load_address>0x2000dfac</load_address>
         <readonly>true</readonly>
         <executable>true</executable>
         <run_address>0x2000dfac</run_address>
         <size>0x50</size>
         <alignment>0x4</alignment>
         <input_file_ref idref="fl-1c"/>
      </object_component>
      <object_component id="oc-152">
         <name>.text.GPIO_setInterruptConfig</name>
         <load_address>0x2000dffc</load_address>
         <readonly>true</readonly>
         <executable>true</executable>
         <run_address>0x2000dffc</run_address>
         <size>0x4c</size>
         <alignment>0x4</alignment>
         <input_file_ref idref="fl-15"/>
      </object_component>
      <object_component id="oc-228">
         <name>.text.PRCMLPDSRestoreInfoSet</name>
         <load_address>0x2000e048</load_address>
         <readonly>true</readonly>
         <executable>true</executable>
         <run_address>0x2000e048</run_address>
         <size>0x4c</size>
         <alignment>0x2</alignment>
         <input_file_ref idref="fl-27"/>
      </object_component>
      <object_component id="oc-197">
         <name>.text.initHw</name>
         <load_address>0x2000e094</load_address>
         <readonly>true</readonly>
         <executable>true</executable>
         <run_address>0x2000e094</run_address>
         <size>0x4c</size>
         <alignment>0x2</alignment>
         <input_file_ref idref="fl-19"/>
      </object_component>
      <object_component id="oc-196">
         <name>.text.getPrescaler</name>
         <load_address>0x2000e0e0</load_address>
         <readonly>true</readonly>
         <executable>true</executable>
         <run_address>0x2000e0e0</run_address>
         <size>0x4a</size>
         <alignment>0x2</alignment>
         <input_file_ref idref="fl-19"/>
      </object_component>
      <object_component id="oc-57">
         <name>.text.busFaultHandler</name>
         <load_address>0x2000e12a</load_address>
         <readonly>true</readonly>
         <executable>true</executable>
         <run_address>0x2000e12a</run_address>
         <size>0x2</size>
         <alignment>0x2</alignment>
         <input_file_ref idref="fl-20"/>
      </object_component>
      <object_component id="oc-58">
         <name>.text.ClockP_sysTickHandler</name>
         <load_address>0x2000e12c</load_address>
         <readonly>true</readonly>
         <executable>true</executable>
         <run_address>0x2000e12c</run_address>
         <size>0x48</size>
         <alignment>0x4</alignment>
         <input_file_ref idref="fl-1d"/>
      </object_component>
      <object_component id="oc-208">
         <name>.text.PRCMIntEnable</name>
         <load_address>0x2000e174</load_address>
         <readonly>true</readonly>
         <executable>true</executable>
         <run_address>0x2000e174</run_address>
         <size>0x48</size>
         <alignment>0x2</alignment>
         <input_file_ref idref="fl-27"/>
      </object_component>
      <object_component id="oc-1a2">
         <name>.text.PRCMPeripheralStatusGet</name>
         <load_address>0x2000e1bc</load_address>
         <readonly>true</readonly>
         <executable>true</executable>
         <run_address>0x2000e1bc</run_address>
         <size>0x48</size>
         <alignment>0x2</alignment>
         <input_file_ref idref="fl-27"/>
      </object_component>
      <object_component id="oc-225">
         <name>.text.PinConfigGet</name>
         <load_address>0x2000e204</load_address>
         <readonly>true</readonly>
         <executable>true</executable>
         <run_address>0x2000e204</run_address>
         <size>0x48</size>
         <alignment>0x2</alignment>
         <input_file_ref idref="fl-26"/>
      </object_component>
      <object_component id="oc-20d">
         <name>.text.PRCMLPDSEnterKeepDebugIf</name>
         <load_address>0x2000e24c</load_address>
         <readonly>true</readonly>
         <executable>true</executable>
         <run_address>0x2000e24c</run_address>
         <size>0x46</size>
         <alignment>0x2</alignment>
         <input_file_ref idref="fl-27"/>
      </object_component>
      <object_component id="oc-150">
         <name>.text.GPIODirModeSet</name>
         <load_address>0x2000e292</load_address>
         <readonly>true</readonly>
         <executable>true</executable>
         <run_address>0x2000e292</run_address>
         <size>0x44</size>
         <alignment>0x2</alignment>
         <input_file_ref idref="fl-23"/>
      </object_component>
      <object_component id="oc-17f">
         <name>.text.clkFxn</name>
         <load_address>0x2000e2d6</load_address>
         <readonly>true</readonly>
         <executable>true</executable>
         <run_address>0x2000e2d6</run_address>
         <size>0x2</size>
         <alignment>0x2</alignment>
         <input_file_ref idref="fl-1c"/>
      </object_component>
      <object_component id="oc-1a6">
         <name>.text.GPIO_disableInt</name>
         <load_address>0x2000e2d8</load_address>
         <readonly>true</readonly>
         <executable>true</executable>
         <run_address>0x2000e2d8</run_address>
         <size>0x44</size>
         <alignment>0x4</alignment>
         <input_file_ref idref="fl-15"/>
      </object_component>
      <object_component id="oc-f2">
         <name>.text.GPIO_enableInt</name>
         <load_address>0x2000e31c</load_address>
         <readonly>true</readonly>
         <executable>true</executable>
         <run_address>0x2000e31c</run_address>
         <size>0x44</size>
         <alignment>0x4</alignment>
         <input_file_ref idref="fl-15"/>
      </object_component>
      <object_component id="oc-231">
         <name>.text.Power_releaseConstraint</name>
         <load_address>0x2000e360</load_address>
         <readonly>true</readonly>
         <executable>true</executable>
         <run_address>0x2000e360</run_address>
         <size>0x44</size>
         <alignment>0x4</alignment>
         <input_file_ref idref="fl-16"/>
      </object_component>
      <object_component id="oc-14a">
         <name>.text.Timer_start</name>
         <load_address>0x2000e3a4</load_address>
         <readonly>true</readonly>
         <executable>true</executable>
         <run_address>0x2000e3a4</run_address>
         <size>0x44</size>
         <alignment>0x2</alignment>
         <input_file_ref idref="fl-18"/>
      </object_component>
      <object_component id="oc-7d">
         <name>.text.addToList</name>
         <load_address>0x2000e3e8</load_address>
         <readonly>true</readonly>
         <executable>true</executable>
         <run_address>0x2000e3e8</run_address>
         <size>0x44</size>
         <alignment>0x4</alignment>
         <input_file_ref idref="fl-1d"/>
      </object_component>
      <object_component id="oc-114">
         <name>.text.PinModeSet</name>
         <load_address>0x2000e42c</load_address>
         <readonly>true</readonly>
         <executable>true</executable>
         <run_address>0x2000e42c</run_address>
         <size>0x42</size>
         <alignment>0x2</alignment>
         <input_file_ref idref="fl-26"/>
      </object_component>
      <object_component id="oc-1e1">
         <name>.text.TimerControlStall</name>
         <load_address>0x2000e46e</load_address>
         <readonly>true</readonly>
         <executable>true</executable>
         <run_address>0x2000e46e</run_address>
         <size>0x42</size>
         <alignment>0x2</alignment>
         <input_file_ref idref="fl-2a"/>
      </object_component>
      <object_component id="oc-195">
         <name>.text.Timer_close</name>
         <load_address>0x2000e4b0</load_address>
         <readonly>true</readonly>
         <executable>true</executable>
         <run_address>0x2000e4b0</run_address>
         <size>0x42</size>
         <alignment>0x2</alignment>
         <input_file_ref idref="fl-19"/>
      </object_component>
      <object_component id="oc-1b7">
         <name>.text.getCountsRTC</name>
         <load_address>0x2000e4f2</load_address>
         <readonly>true</readonly>
         <executable>true</executable>
         <run_address>0x2000e4f2</run_address>
         <size>0x42</size>
         <alignment>0x2</alignment>
         <input_file_ref idref="fl-1f"/>
      </object_component>
      <object_component id="oc-128">
         <name>.text.SemaphoreP_post</name>
         <load_address>0x2000e534</load_address>
         <readonly>true</readonly>
         <executable>true</executable>
         <run_address>0x2000e534</run_address>
         <size>0x40</size>
         <alignment>0x4</alignment>
         <input_file_ref idref="fl-1c"/>
      </object_component>
      <object_component id="oc-1d4">
         <name>.text.Timer_stop</name>
         <load_address>0x2000e574</load_address>
         <readonly>true</readonly>
         <executable>true</executable>
         <run_address>0x2000e574</run_address>
         <size>0x40</size>
         <alignment>0x2</alignment>
         <input_file_ref idref="fl-18"/>
      </object_component>
      <object_component id="oc-227">
         <name>.text.PinDirModeSet</name>
         <load_address>0x2000e5b4</load_address>
         <readonly>true</readonly>
         <executable>true</executable>
         <run_address>0x2000e5b4</run_address>
         <size>0x3e</size>
         <alignment>0x2</alignment>
         <input_file_ref idref="fl-26"/>
      </object_component>
      <object_component id="oc-56">
         <name>.text.defaultHandler</name>
         <load_address>0x2000e5f2</load_address>
         <readonly>true</readonly>
         <executable>true</executable>
         <run_address>0x2000e5f2</run_address>
         <size>0x2</size>
         <alignment>0x2</alignment>
         <input_file_ref idref="fl-20"/>
      </object_component>
      <object_component id="oc-1cf">
         <name>.text.ClockP_stop</name>
         <load_address>0x2000e5f4</load_address>
         <readonly>true</readonly>
         <executable>true</executable>
         <run_address>0x2000e5f4</run_address>
         <size>0x3c</size>
         <alignment>0x4</alignment>
         <input_file_ref idref="fl-1d"/>
      </object_component>
      <object_component id="oc-f3">
         <name>.text.initTimer</name>
         <load_address>0x2000e630</load_address>
         <readonly>true</readonly>
         <executable>true</executable>
         <run_address>0x2000e630</run_address>
         <size>0x3c</size>
         <alignment>0x4</alignment>
         <input_file_ref idref="fl-1"/>
      </object_component>
      <object_component id="oc-19f">
         <name>.text.TimerSupport_timerEnable</name>
         <load_address>0x2000e66c</load_address>
         <readonly>true</readonly>
         <executable>true</executable>
         <run_address>0x2000e66c</run_address>
         <size>0x3a</size>
         <alignment>0x2</alignment>
         <input_file_ref idref="fl-19"/>
      </object_component>
      <object_component id="oc-55">
         <name>.text.faultISR</name>
         <load_address>0x2000e6a6</load_address>
         <readonly>true</readonly>
         <executable>true</executable>
         <run_address>0x2000e6a6</run_address>
         <size>0x2</size>
         <alignment>0x2</alignment>
         <input_file_ref idref="fl-20"/>
      </object_component>
      <object_component id="oc-17e">
         <name>.text.ClockP_destruct</name>
         <load_address>0x2000e6a8</load_address>
         <readonly>true</readonly>
         <executable>true</executable>
         <run_address>0x2000e6a8</run_address>
         <size>0x38</size>
         <alignment>0x4</alignment>
         <input_file_ref idref="fl-1d"/>
      </object_component>
      <object_component id="oc-1e6">
         <name>.text.Power_setConstraint</name>
         <load_address>0x2000e6e0</load_address>
         <readonly>true</readonly>
         <executable>true</executable>
         <run_address>0x2000e6e0</run_address>
         <size>0x38</size>
         <alignment>0x4</alignment>
         <input_file_ref idref="fl-16"/>
      </object_component>
      <object_component id="oc-1c8">
         <name>.text.SwiP_restore</name>
         <load_address>0x2000e718</load_address>
         <readonly>true</readonly>
         <executable>true</executable>
         <run_address>0x2000e718</run_address>
         <size>0x38</size>
         <alignment>0x4</alignment>
         <input_file_ref idref="fl-21"/>
      </object_component>
      <object_component id="oc-bf">
         <name>.text:__TI_auto_init_nobinit_nopinit</name>
         <load_address>0x2000e750</load_address>
         <readonly>true</readonly>
         <executable>true</executable>
         <run_address>0x2000e750</run_address>
         <size>0x38</size>
         <alignment>0x4</alignment>
         <input_file_ref idref="fl-3e"/>
      </object_component>
      <object_component id="oc-203">
         <name>.text.PinLock</name>
         <load_address>0x2000e788</load_address>
         <readonly>true</readonly>
         <executable>true</executable>
         <run_address>0x2000e788</run_address>
         <size>0x36</size>
         <alignment>0x2</alignment>
         <input_file_ref idref="fl-26"/>
      </object_component>
      <object_component id="oc-19c">
         <name>.text.TimerCC32XX_hwiIntFunction</name>
         <load_address>0x2000e7be</load_address>
         <readonly>true</readonly>
         <executable>true</executable>
         <run_address>0x2000e7be</run_address>
         <size>0x36</size>
         <alignment>0x2</alignment>
         <input_file_ref idref="fl-19"/>
      </object_component>
      <object_component id="oc-17b">
         <name>.text.ClockP_start</name>
         <load_address>0x2000e7f4</load_address>
         <readonly>true</readonly>
         <executable>true</executable>
         <run_address>0x2000e7f4</run_address>
         <size>0x34</size>
         <alignment>0x4</alignment>
         <input_file_ref idref="fl-1d"/>
      </object_component>
      <object_component id="oc-226">
         <name>.text.PinDirModeGet</name>
         <load_address>0x2000e828</load_address>
         <readonly>true</readonly>
         <executable>true</executable>
         <run_address>0x2000e828</run_address>
         <size>0x34</size>
         <alignment>0x2</alignment>
         <input_file_ref idref="fl-26"/>
      </object_component>
      <object_component id="oc-10f">
         <name>.text.PinModeGet</name>
         <load_address>0x2000e85c</load_address>
         <readonly>true</readonly>
         <executable>true</executable>
         <run_address>0x2000e85c</run_address>
         <size>0x34</size>
         <alignment>0x2</alignment>
         <input_file_ref idref="fl-26"/>
      </object_component>
      <object_component id="oc-200">
         <name>.text.PowerCC32XX_parkPin</name>
         <load_address>0x2000e890</load_address>
         <readonly>true</readonly>
         <executable>true</executable>
         <run_address>0x2000e890</run_address>
         <size>0x34</size>
         <alignment>0x2</alignment>
         <input_file_ref idref="fl-16"/>
      </object_component>
      <object_component id="oc-1d9">
         <name>.text.TimerCC32XX_freeTimerResource</name>
         <load_address>0x2000e8c4</load_address>
         <readonly>true</readonly>
         <executable>true</executable>
         <run_address>0x2000e8c4</run_address>
         <size>0x34</size>
         <alignment>0x4</alignment>
         <input_file_ref idref="fl-19"/>
      </object_component>
      <object_component id="oc-4f">
         <name>.text.initVectors</name>
         <load_address>0x2000e8f8</load_address>
         <readonly>true</readonly>
         <executable>true</executable>
         <run_address>0x2000e8f8</run_address>
         <size>0x34</size>
         <alignment>0x4</alignment>
         <input_file_ref idref="fl-20"/>
      </object_component>
      <object_component id="oc-1b4">
         <name>.text.ClockP_getTicksUntilInterrupt</name>
         <load_address>0x2000e92c</load_address>
         <readonly>true</readonly>
         <executable>true</executable>
         <run_address>0x2000e92c</run_address>
         <size>0x30</size>
         <alignment>0x4</alignment>
         <input_file_ref idref="fl-1d"/>
      </object_component>
      <object_component id="oc-1c1">
         <name>.text.PRCMLPDSIntervalSet</name>
         <load_address>0x2000e95c</load_address>
         <readonly>true</readonly>
         <executable>true</executable>
         <run_address>0x2000e95c</run_address>
         <size>0x30</size>
         <alignment>0x2</alignment>
         <input_file_ref idref="fl-27"/>
      </object_component>
      <object_component id="oc-1f6">
         <name>.text.PRCMSlowClkCtrFastGet</name>
         <load_address>0x2000e98c</load_address>
         <readonly>true</readonly>
         <executable>true</executable>
         <run_address>0x2000e98c</run_address>
         <size>0x30</size>
         <alignment>0x2</alignment>
         <input_file_ref idref="fl-27"/>
      </object_component>
      <object_component id="oc-1e0">
         <name>.text.TimerLoadSet</name>
         <load_address>0x2000e9bc</load_address>
         <readonly>true</readonly>
         <executable>true</executable>
         <run_address>0x2000e9bc</run_address>
         <size>0x30</size>
         <alignment>0x2</alignment>
         <input_file_ref idref="fl-2a"/>
      </object_component>
      <object_component id="oc-1df">
         <name>.text.TimerPrescaleSet</name>
         <load_address>0x2000e9ec</load_address>
         <readonly>true</readonly>
         <executable>true</executable>
         <run_address>0x2000e9ec</run_address>
         <size>0x30</size>
         <alignment>0x2</alignment>
         <input_file_ref idref="fl-2a"/>
      </object_component>
      <object_component id="oc-1fe">
         <name>.text.notify</name>
         <load_address>0x2000ea1c</load_address>
         <readonly>true</readonly>
         <executable>true</executable>
         <run_address>0x2000ea1c</run_address>
         <size>0x30</size>
         <alignment>0x4</alignment>
         <input_file_ref idref="fl-16"/>
      </object_component>
      <object_component id="oc-1a8">
         <name>.text.GPIOIntStatus</name>
         <load_address>0x2000ea4c</load_address>
         <readonly>true</readonly>
         <executable>true</executable>
         <run_address>0x2000ea4c</run_address>
         <size>0x2e</size>
         <alignment>0x2</alignment>
         <input_file_ref idref="fl-23"/>
      </object_component>
      <object_component id="oc-14f">
         <name>.text.HwiP_create</name>
         <load_address>0x2000ea7a</load_address>
         <readonly>true</readonly>
         <executable>true</executable>
         <run_address>0x2000ea7a</run_address>
         <size>0x2a</size>
         <alignment>0x2</alignment>
         <input_file_ref idref="fl-1e"/>
      </object_component>
      <object_component id="oc-168">
         <name>.text.PRCMLPDSWakeUpGPIOSelect</name>
         <load_address>0x2000eaa4</load_address>
         <readonly>true</readonly>
         <executable>true</executable>
         <run_address>0x2000eaa4</run_address>
         <size>0x2a</size>
         <alignment>0x2</alignment>
         <input_file_ref idref="fl-27"/>
      </object_component>
      <object_component id="oc-10e">
         <name>.text.PRCMPeripheralClkDisable</name>
         <load_address>0x2000eace</load_address>
         <readonly>true</readonly>
         <executable>true</executable>
         <run_address>0x2000eace</run_address>
         <size>0x2a</size>
         <alignment>0x2</alignment>
         <input_file_ref idref="fl-27"/>
      </object_component>
      <object_component id="oc-213">
         <name>.text.List_remove</name>
         <load_address>0x2000eaf8</load_address>
         <readonly>true</readonly>
         <executable>true</executable>
         <run_address>0x2000eaf8</run_address>
         <size>0x28</size>
         <alignment>0x2</alignment>
         <input_file_ref idref="fl-1a"/>
      </object_component>
      <object_component id="oc-1ff">
         <name>.text.PRCMSRAMRetentionEnable</name>
         <load_address>0x2000eb20</load_address>
         <readonly>true</readonly>
         <executable>true</executable>
         <run_address>0x2000eb20</run_address>
         <size>0x28</size>
         <alignment>0x2</alignment>
         <input_file_ref idref="fl-27"/>
      </object_component>
      <object_component id="oc-212">
         <name>.text.TimerSupport_timerDisable</name>
         <load_address>0x2000eb48</load_address>
         <readonly>true</readonly>
         <executable>true</executable>
         <run_address>0x2000eb48</run_address>
         <size>0x28</size>
         <alignment>0x2</alignment>
         <input_file_ref idref="fl-19"/>
      </object_component>
      <object_component id="oc-1e9">
         <name>.text.TimerSupport_timerLoad</name>
         <load_address>0x2000eb70</load_address>
         <readonly>true</readonly>
         <executable>true</executable>
         <run_address>0x2000eb70</run_address>
         <size>0x28</size>
         <alignment>0x2</alignment>
         <input_file_ref idref="fl-19"/>
      </object_component>
      <object_component id="oc-1ce">
         <name>.text.free_list_insert</name>
         <load_address>0x2000eb98</load_address>
         <readonly>true</readonly>
         <executable>true</executable>
         <run_address>0x2000eb98</run_address>
         <size>0x28</size>
         <alignment>0x4</alignment>
         <input_file_ref idref="fl-3b"/>
      </object_component>
      <object_component id="oc-234">
         <name>.text.IntUnregister</name>
         <load_address>0x2000ebc0</load_address>
         <readonly>true</readonly>
         <executable>true</executable>
         <run_address>0x2000ebc0</run_address>
         <size>0x24</size>
         <alignment>0x2</alignment>
         <input_file_ref idref="fl-25"/>
      </object_component>
      <object_component id="oc-180">
         <name>.text.List_put</name>
         <load_address>0x2000ebe4</load_address>
         <readonly>true</readonly>
         <executable>true</executable>
         <run_address>0x2000ebe4</run_address>
         <size>0x24</size>
         <alignment>0x2</alignment>
         <input_file_ref idref="fl-1a"/>
      </object_component>
      <object_component id="oc-166">
         <name>.text.PRCMLPDSWakeupSourceEnable</name>
         <load_address>0x2000ec08</load_address>
         <readonly>true</readonly>
         <executable>true</executable>
         <run_address>0x2000ec08</run_address>
         <size>0x24</size>
         <alignment>0x2</alignment>
         <input_file_ref idref="fl-27"/>
      </object_component>
      <object_component id="oc-20a">
         <name>.text.PowerCC32XX_restoreParkedPin</name>
         <load_address>0x2000ec2c</load_address>
         <readonly>true</readonly>
         <executable>true</executable>
         <run_address>0x2000ec2c</run_address>
         <size>0x24</size>
         <alignment>0x2</alignment>
         <input_file_ref idref="fl-16"/>
      </object_component>
      <object_component id="oc-127">
         <name>.text.Power_registerNotify</name>
         <load_address>0x2000ec50</load_address>
         <readonly>true</readonly>
         <executable>true</executable>
         <run_address>0x2000ec50</run_address>
         <size>0x24</size>
         <alignment>0x4</alignment>
         <input_file_ref idref="fl-16"/>
      </object_component>
      <object_component id="oc-76">
         <name>.text:_c_int00_noargs</name>
         <load_address>0x2000ec74</load_address>
         <readonly>true</readonly>
         <executable>true</executable>
         <run_address>0x2000ec74</run_address>
         <size>0x24</size>
         <alignment>0x4</alignment>
         <input_file_ref idref="fl-3c"/>
      </object_component>
      <object_component id="oc-151">
         <name>.text.GPIOPinWrite</name>
         <load_address>0x2000ec98</load_address>
         <readonly>true</readonly>
         <executable>true</executable>
         <run_address>0x2000ec98</run_address>
         <size>0x22</size>
         <alignment>0x2</alignment>
         <input_file_ref idref="fl-23"/>
      </object_component>
      <object_component id="oc-209">
         <name>.text.PinUnlock</name>
         <load_address>0x2000ecba</load_address>
         <readonly>true</readonly>
         <executable>true</executable>
         <run_address>0x2000ecba</run_address>
         <size>0x22</size>
         <alignment>0x2</alignment>
         <input_file_ref idref="fl-26"/>
      </object_component>
      <object_component id="oc-1eb">
         <name>.text.IntRegister</name>
         <load_address>0x2000ecdc</load_address>
         <readonly>true</readonly>
         <executable>true</executable>
         <run_address>0x2000ecdc</run_address>
         <size>0x20</size>
         <alignment>0x2</alignment>
         <input_file_ref idref="fl-25"/>
      </object_component>
      <object_component id="oc-1d5">
         <name>.text.Power_unregisterNotify</name>
         <load_address>0x2000ecfc</load_address>
         <readonly>true</readonly>
         <executable>true</executable>
         <run_address>0x2000ecfc</run_address>
         <size>0x20</size>
         <alignment>0x4</alignment>
         <input_file_ref idref="fl-16"/>
      </object_component>
      <object_component id="oc-193">
         <name>.text.SemaphoreP_constructBinary</name>
         <load_address>0x2000ed1c</load_address>
         <readonly>true</readonly>
         <executable>true</executable>
         <run_address>0x2000ed1c</run_address>
         <size>0x20</size>
         <alignment>0x4</alignment>
         <input_file_ref idref="fl-1c"/>
      </object_component>
      <object_component id="oc-11d">
         <name>.text.SemaphoreP_createBinary</name>
         <load_address>0x2000ed3c</load_address>
         <readonly>true</readonly>
         <executable>true</executable>
         <run_address>0x2000ed3c</run_address>
         <size>0x20</size>
         <alignment>0x4</alignment>
         <input_file_ref idref="fl-1c"/>
      </object_component>
      <object_component id="oc-1da">
         <name>.text.TimerDisable</name>
         <load_address>0x2000ed5c</load_address>
         <readonly>true</readonly>
         <executable>true</executable>
         <run_address>0x2000ed5c</run_address>
         <size>0x20</size>
         <alignment>0x2</alignment>
         <input_file_ref idref="fl-2a"/>
      </object_component>
      <object_component id="oc-ed">
         <name>.text.GPIO_setCallback</name>
         <load_address>0x2000ed7c</load_address>
         <readonly>true</readonly>
         <executable>true</executable>
         <run_address>0x2000ed7c</run_address>
         <size>0x1c</size>
         <alignment>0x4</alignment>
         <input_file_ref idref="fl-14"/>
      </object_component>
      <object_component id="oc-1f0">
         <name>.text.HwiP_dispatch</name>
         <load_address>0x2000ed98</load_address>
         <readonly>true</readonly>
         <executable>true</executable>
         <run_address>0x2000ed98</run_address>
         <size>0x1c</size>
         <alignment>0x4</alignment>
         <input_file_ref idref="fl-1e"/>
      </object_component>
      <object_component id="oc-1ad">
         <name>.text.SwiP_disable</name>
         <load_address>0x2000edb4</load_address>
         <readonly>true</readonly>
         <executable>true</executable>
         <run_address>0x2000edb4</run_address>
         <size>0x1c</size>
         <alignment>0x4</alignment>
         <input_file_ref idref="fl-21"/>
      </object_component>
      <object_component id="oc-1cd">
         <name>.text.free_list_remove</name>
         <load_address>0x2000edd0</load_address>
         <readonly>true</readonly>
         <executable>true</executable>
         <run_address>0x2000edd0</run_address>
         <size>0x1c</size>
         <alignment>0x4</alignment>
         <input_file_ref idref="fl-3b"/>
      </object_component>
      <object_component id="oc-1d2">
         <name>.text.getPowerMgrId</name>
         <load_address>0x2000edec</load_address>
         <readonly>true</readonly>
         <executable>true</executable>
         <run_address>0x2000edec</run_address>
         <size>0x1c</size>
         <alignment>0x4</alignment>
         <input_file_ref idref="fl-19"/>
      </object_component>
      <object_component id="oc-f5">
         <name>.text.gpioButtonFxn0</name>
         <load_address>0x2000ee08</load_address>
         <readonly>true</readonly>
         <executable>true</executable>
         <run_address>0x2000ee08</run_address>
         <size>0x1c</size>
         <alignment>0x4</alignment>
         <input_file_ref idref="fl-1"/>
      </object_component>
      <object_component id="oc-f6">
         <name>.text.gpioButtonFxn1</name>
         <load_address>0x2000ee24</load_address>
         <readonly>true</readonly>
         <executable>true</executable>
         <run_address>0x2000ee24</run_address>
         <size>0x1c</size>
         <alignment>0x4</alignment>
         <input_file_ref idref="fl-1"/>
      </object_component>
      <object_component id="oc-21">
         <name>.text.resetISR</name>
         <load_address>0x2000ee40</load_address>
         <readonly>true</readonly>
         <executable>true</executable>
         <run_address>0x2000ee40</run_address>
         <size>0x1c</size>
         <alignment>0x2</alignment>
         <input_file_ref idref="fl-20"/>
      </object_component>
      <object_component id="oc-1f1">
         <name>.text.GPIOIntDisable</name>
         <load_address>0x2000ee5c</load_address>
         <readonly>true</readonly>
         <executable>true</executable>
         <run_address>0x2000ee5c</run_address>
         <size>0x1a</size>
         <alignment>0x2</alignment>
         <input_file_ref idref="fl-23"/>
      </object_component>
      <object_component id="oc-10b">
         <name>.text.PRCMHIBRegRead</name>
         <load_address>0x2000ee76</load_address>
         <readonly>true</readonly>
         <executable>true</executable>
         <run_address>0x2000ee76</run_address>
         <size>0x1a</size>
         <alignment>0x2</alignment>
         <input_file_ref idref="fl-27"/>
      </object_component>
      <object_component id="oc-10a">
         <name>.text.PRCMHIBRegWrite</name>
         <load_address>0x2000ee90</load_address>
         <readonly>true</readonly>
         <executable>true</executable>
         <run_address>0x2000ee90</run_address>
         <size>0x1a</size>
         <alignment>0x2</alignment>
         <input_file_ref idref="fl-27"/>
      </object_component>
      <object_component id="oc-167">
         <name>.text.PRCMLPDSWakeupSourceDisable</name>
         <load_address>0x2000eeaa</load_address>
         <readonly>true</readonly>
         <executable>true</executable>
         <run_address>0x2000eeaa</run_address>
         <size>0x1a</size>
         <alignment>0x2</alignment>
         <input_file_ref idref="fl-27"/>
      </object_component>
      <object_component id="oc-202">
         <name>.text.PinToPadGet</name>
         <load_address>0x2000eec4</load_address>
         <readonly>true</readonly>
         <executable>true</executable>
         <run_address>0x2000eec4</run_address>
         <size>0x1a</size>
         <alignment>0x2</alignment>
         <input_file_ref idref="fl-26"/>
      </object_component>
      <object_component id="oc-1e7">
         <name>.text.TimerEnable</name>
         <load_address>0x2000eede</load_address>
         <readonly>true</readonly>
         <executable>true</executable>
         <run_address>0x2000eede</run_address>
         <size>0x1a</size>
         <alignment>0x2</alignment>
         <input_file_ref idref="fl-2a"/>
      </object_component>
      <object_component id="oc-137">
         <name>.text.GPIOIntEnable</name>
         <load_address>0x2000eef8</load_address>
         <readonly>true</readonly>
         <executable>true</executable>
         <run_address>0x2000eef8</run_address>
         <size>0x18</size>
         <alignment>0x2</alignment>
         <input_file_ref idref="fl-23"/>
      </object_component>
      <object_component id="oc-174">
         <name>.text.SemaphoreP_create</name>
         <load_address>0x2000ef10</load_address>
         <readonly>true</readonly>
         <executable>true</executable>
         <run_address>0x2000ef10</run_address>
         <size>0x18</size>
         <alignment>0x2</alignment>
         <input_file_ref idref="fl-1c"/>
      </object_component>
      <object_component id="oc-a6">
         <name>.text.Board_init</name>
         <load_address>0x2000ef28</load_address>
         <readonly>true</readonly>
         <executable>true</executable>
         <run_address>0x2000ef28</run_address>
         <size>0x16</size>
         <alignment>0x2</alignment>
         <input_file_ref idref="fl-2"/>
      </object_component>
      <object_component id="oc-1c4">
         <name>.text.SysTickPeriodSet</name>
         <load_address>0x2000ef3e</load_address>
         <readonly>true</readonly>
         <executable>true</executable>
         <run_address>0x2000ef3e</run_address>
         <size>0x16</size>
         <alignment>0x2</alignment>
         <input_file_ref idref="fl-29"/>
      </object_component>
      <object_component id="oc-230">
         <name>.text.TimerIntDisable</name>
         <load_address>0x2000ef54</load_address>
         <readonly>true</readonly>
         <executable>true</executable>
         <run_address>0x2000ef54</run_address>
         <size>0x16</size>
         <alignment>0x2</alignment>
         <input_file_ref idref="fl-2a"/>
      </object_component>
      <object_component id="oc-6c">
         <name>.text.CPUcpsid</name>
         <load_address>0x2000ef6a</load_address>
         <readonly>true</readonly>
         <executable>true</executable>
         <run_address>0x2000ef6a</run_address>
         <size>0x14</size>
         <alignment>0x2</alignment>
         <input_file_ref idref="fl-22"/>
      </object_component>
      <object_component id="oc-18c">
         <name>.text.CPUcpsie</name>
         <load_address>0x2000ef7e</load_address>
         <readonly>true</readonly>
         <executable>true</executable>
         <run_address>0x2000ef7e</run_address>
         <size>0x14</size>
         <alignment>0x2</alignment>
         <input_file_ref idref="fl-22"/>
      </object_component>
      <object_component id="oc-215">
         <name>.text.HwiP_destruct</name>
         <load_address>0x2000ef92</load_address>
         <readonly>true</readonly>
         <executable>true</executable>
         <run_address>0x2000ef92</run_address>
         <size>0x14</size>
         <alignment>0x2</alignment>
         <input_file_ref idref="fl-1e"/>
      </object_component>
      <object_component id="oc-73">
         <name>.text.IntVTableBaseSet</name>
         <load_address>0x2000efa6</load_address>
         <readonly>true</readonly>
         <executable>true</executable>
         <run_address>0x2000efa6</run_address>
         <size>0x14</size>
         <alignment>0x2</alignment>
         <input_file_ref idref="fl-25"/>
      </object_component>
      <object_component id="oc-54">
         <name>.text.nmiISR</name>
         <load_address>0x2000efba</load_address>
         <readonly>true</readonly>
         <executable>true</executable>
         <run_address>0x2000efba</run_address>
         <size>0x2</size>
         <alignment>0x2</alignment>
         <input_file_ref idref="fl-20"/>
      </object_component>
      <object_component id="oc-187">
         <name>.text.Power_disablePolicy</name>
         <load_address>0x2000efbc</load_address>
         <readonly>true</readonly>
         <executable>true</executable>
         <run_address>0x2000efbc</run_address>
         <size>0x14</size>
         <alignment>0x4</alignment>
         <input_file_ref idref="fl-16"/>
      </object_component>
      <object_component id="oc-1b5">
         <name>.text.Power_getTransitionLatency</name>
         <load_address>0x2000efd0</load_address>
         <readonly>true</readonly>
         <executable>true</executable>
         <run_address>0x2000efd0</run_address>
         <size>0x14</size>
         <alignment>0x4</alignment>
         <input_file_ref idref="fl-16"/>
      </object_component>
      <object_component id="oc-1cc">
         <name>.text.Power_idleFunc</name>
         <load_address>0x2000efe4</load_address>
         <readonly>true</readonly>
         <executable>true</executable>
         <run_address>0x2000efe4</run_address>
         <size>0x14</size>
         <alignment>0x4</alignment>
         <input_file_ref idref="fl-16"/>
      </object_component>
      <object_component id="oc-1e5">
         <name>.text.TimerIntEnable</name>
         <load_address>0x2000eff8</load_address>
         <readonly>true</readonly>
         <executable>true</executable>
         <run_address>0x2000eff8</run_address>
         <size>0x14</size>
         <alignment>0x2</alignment>
         <input_file_ref idref="fl-2a"/>
      </object_component>
      <object_component id="oc-1b8">
         <name>.text.__aeabi_uldivmod</name>
         <load_address>0x2000f00c</load_address>
         <readonly>true</readonly>
         <executable>true</executable>
         <run_address>0x2000f00c</run_address>
         <size>0x14</size>
         <alignment>0x4</alignment>
         <input_file_ref idref="fl-ae"/>
      </object_component>
      <object_component id="oc-17a">
         <name>.text.ClockP_add</name>
         <load_address>0x2000f020</load_address>
         <readonly>true</readonly>
         <executable>true</executable>
         <run_address>0x2000f020</run_address>
         <size>0x12</size>
         <alignment>0x2</alignment>
         <input_file_ref idref="fl-1d"/>
      </object_component>
      <object_component id="oc-1a7">
         <name>.text.GPIOIntClear</name>
         <load_address>0x2000f032</load_address>
         <readonly>true</readonly>
         <executable>true</executable>
         <run_address>0x2000f032</run_address>
         <size>0x12</size>
         <alignment>0x2</alignment>
         <input_file_ref idref="fl-23"/>
      </object_component>
      <object_component id="oc-14e">
         <name>.text.HwiP_Params_init</name>
         <load_address>0x2000f044</load_address>
         <readonly>true</readonly>
         <executable>true</executable>
         <run_address>0x2000f044</run_address>
         <size>0x12</size>
         <alignment>0x2</alignment>
         <input_file_ref idref="fl-1e"/>
      </object_component>
      <object_component id="oc-1d7">
         <name>.text.HwiP_delete</name>
         <load_address>0x2000f056</load_address>
         <readonly>true</readonly>
         <executable>true</executable>
         <run_address>0x2000f056</run_address>
         <size>0x12</size>
         <alignment>0x2</alignment>
         <input_file_ref idref="fl-1e"/>
      </object_component>
      <object_component id="oc-1c5">
         <name>.text.SysTickEnable</name>
         <load_address>0x2000f068</load_address>
         <readonly>true</readonly>
         <executable>true</executable>
         <run_address>0x2000f068</run_address>
         <size>0x12</size>
         <alignment>0x2</alignment>
         <input_file_ref idref="fl-29"/>
      </object_component>
      <object_component id="oc-1bc">
         <name>.text.SysTickIntDisable</name>
         <load_address>0x2000f07a</load_address>
         <readonly>true</readonly>
         <executable>true</executable>
         <run_address>0x2000f07a</run_address>
         <size>0x12</size>
         <alignment>0x2</alignment>
         <input_file_ref idref="fl-29"/>
      </object_component>
      <object_component id="oc-1c6">
         <name>.text.SysTickIntEnable</name>
         <load_address>0x2000f08c</load_address>
         <readonly>true</readonly>
         <executable>true</executable>
         <run_address>0x2000f08c</run_address>
         <size>0x12</size>
         <alignment>0x2</alignment>
         <input_file_ref idref="fl-29"/>
      </object_component>
      <object_component id="oc-81">
         <name>.text:TI_memcpy_small</name>
         <load_address>0x2000f09e</load_address>
         <readonly>true</readonly>
         <executable>true</executable>
         <run_address>0x2000f09e</run_address>
         <size>0x12</size>
         <alignment>0x1</alignment>
         <input_file_ref idref="fl-b1"/>
      </object_component>
      <object_component id="oc-43">
         <name>.text:decompress:ZI:__TI_zero_init_nomemset</name>
         <load_address>0x2000f0b0</load_address>
         <readonly>true</readonly>
         <executable>true</executable>
         <run_address>0x2000f0b0</run_address>
         <size>0x12</size>
         <alignment>0x2</alignment>
         <input_file_ref idref="fl-41"/>
      </object_component>
      <object_component id="oc-194">
         <name>.text.ClockP_getCpuFreq</name>
         <load_address>0x2000f0c4</load_address>
         <readonly>true</readonly>
         <executable>true</executable>
         <run_address>0x2000f0c4</run_address>
         <size>0x10</size>
         <alignment>0x4</alignment>
         <input_file_ref idref="fl-1d"/>
      </object_component>
      <object_component id="oc-1b6">
         <name>.text.ClockP_getSystemTicks</name>
         <load_address>0x2000f0d4</load_address>
         <readonly>true</readonly>
         <executable>true</executable>
         <run_address>0x2000f0d4</run_address>
         <size>0x10</size>
         <alignment>0x4</alignment>
         <input_file_ref idref="fl-1d"/>
      </object_component>
      <object_component id="oc-1c3">
         <name>.text.ClockP_setTicks</name>
         <load_address>0x2000f0e4</load_address>
         <readonly>true</readonly>
         <executable>true</executable>
         <run_address>0x2000f0e4</run_address>
         <size>0x10</size>
         <alignment>0x4</alignment>
         <input_file_ref idref="fl-1d"/>
      </object_component>
      <object_component id="oc-186">
         <name>.text.HwiP_inISR</name>
         <load_address>0x2000f0f4</load_address>
         <readonly>true</readonly>
         <executable>true</executable>
         <run_address>0x2000f0f4</run_address>
         <size>0x10</size>
         <alignment>0x4</alignment>
         <input_file_ref idref="fl-1e"/>
      </object_component>
      <object_component id="oc-17d">
         <name>.text.Power_enablePolicy</name>
         <load_address>0x2000f104</load_address>
         <readonly>true</readonly>
         <executable>true</executable>
         <run_address>0x2000f104</run_address>
         <size>0x10</size>
         <alignment>0x4</alignment>
         <input_file_ref idref="fl-16"/>
      </object_component>
      <object_component id="oc-1e4">
         <name>.text.TimerIntClear</name>
         <load_address>0x2000f114</load_address>
         <readonly>true</readonly>
         <executable>true</executable>
         <run_address>0x2000f114</run_address>
         <size>0x10</size>
         <alignment>0x2</alignment>
         <input_file_ref idref="fl-2a"/>
      </object_component>
      <object_component id="oc-142">
         <name>.text.Timer_Params_init</name>
         <load_address>0x2000f124</load_address>
         <readonly>true</readonly>
         <executable>true</executable>
         <run_address>0x2000f124</run_address>
         <size>0x10</size>
         <alignment>0x4</alignment>
         <input_file_ref idref="fl-18"/>
      </object_component>
      <object_component id="oc-8f">
         <name>.text.main</name>
         <load_address>0x2000f134</load_address>
         <readonly>true</readonly>
         <executable>true</executable>
         <run_address>0x2000f134</run_address>
         <size>0x10</size>
         <alignment>0x2</alignment>
         <input_file_ref idref="fl-3"/>
      </object_component>
      <object_component id="oc-1e8">
         <name>.text.TimerSupport_timerFullWidth</name>
         <load_address>0x2000f144</load_address>
         <readonly>true</readonly>
         <executable>true</executable>
         <run_address>0x2000f144</run_address>
         <size>0xe</size>
         <alignment>0x2</alignment>
         <input_file_ref idref="fl-19"/>
      </object_component>
      <object_component id="oc-1c">
         <name>.text:decompress:none</name>
         <load_address>0x2000f152</load_address>
         <readonly>true</readonly>
         <executable>true</executable>
         <run_address>0x2000f152</run_address>
         <size>0xe</size>
         <alignment>0x2</alignment>
         <input_file_ref idref="fl-42"/>
      </object_component>
      <object_component id="oc-20f">
         <name>.text.CPUwfi</name>
         <load_address>0x2000f160</load_address>
         <readonly>true</readonly>
         <executable>true</executable>
         <run_address>0x2000f160</run_address>
         <size>0xc</size>
         <alignment>0x2</alignment>
         <input_file_ref idref="fl-22"/>
      </object_component>
      <object_component id="oc-20b">
         <name>.text.PRCMLPDSWakeupCauseGet</name>
         <load_address>0x2000f16c</load_address>
         <readonly>true</readonly>
         <executable>true</executable>
         <run_address>0x2000f16c</run_address>
         <size>0xc</size>
         <alignment>0x2</alignment>
         <input_file_ref idref="fl-27"/>
      </object_component>
      <object_component id="oc-1b3">
         <name>.text.Power_getConstraintMask</name>
         <load_address>0x2000f178</load_address>
         <readonly>true</readonly>
         <executable>true</executable>
         <run_address>0x2000f178</run_address>
         <size>0xc</size>
         <alignment>0x4</alignment>
         <input_file_ref idref="fl-16"/>
      </object_component>
      <object_component id="oc-19b">
         <name>.text.postNotifyFxn</name>
[...]
         <name>ClockP_getSystemTicks</name>
         <value>0x2000f0d5</value>
         <object_component_ref idref="oc-1b6"/>
      </symbol>
      <symbol id="sm-1e0">
         <name>ClockP_getTicksUntilInterrupt</name>
         <value>0x2000e92d</value>
         <object_component_ref idref="oc-1b4"/>
      </symbol>
      <symbol id="sm-1e1">
         <name>ClockP_isActive</name>
         <value>0x2000f191</value>
         <object_component_ref idref="oc-17c"/>
      </symbol>
      <symbol id="sm-1e2">
         <name>ClockP_setTicks</name>
         <value>0x2000f0e5</value>
         <object_component_ref idref="oc-1c3"/>
      </symbol>
      <symbol id="sm-1e3">
         <name>ClockP_tickPeriod</name>
         <value>0x2000f884</value>
         <object_component_ref idref="oc-1ca"/>
      </symbol>
      <symbol id="sm-208">
         <name>HwiP_enable</name>
         <value>0x2000f1df</value>
         <object_component_ref idref="oc-e5"/>
      </symbol>
      <symbol id="sm-209">
         <name>HwiP_disable</name>
         <value>0x2000f1af</value>
         <object_component_ref idref="oc-123"/>
      </symbol>
      <symbol id="sm-20a">
         <name>HwiP_restore</name>
         <value>0x2000f1b7</value>
         <object_component_ref idref="oc-124"/>
      </symbol>
      <symbol id="sm-20b">
         <name>HwiP_clearInterrupt</name>
         <value>0x2000f1db</value>
         <object_component_ref idref="oc-1d6"/>
      </symbol>
      <symbol id="sm-20c">
         <name>HwiP_destruct</name>
         <value>0x2000ef93</value>
         <object_component_ref idref="oc-215"/>
      </symbol>
      <symbol id="sm-20d">
         <name>HwiP_delete</name>
         <value>0x2000f057</value>
         <object_component_ref idref="oc-1d7"/>
      </symbol>
      <symbol id="sm-20e">
         <name>HwiP_dispatch</name>
         <value>0x2000ed99</value>
         <object_component_ref idref="oc-1f0"/>
      </symbol>
      <symbol id="sm-20f">
         <name>HwiP_construct</name>
         <value>0x2000d6f9</value>
         <object_component_ref idref="oc-1a4"/>
      </symbol>
      <symbol id="sm-210">
         <name>HwiP_swiPIntNum</name>
         <value>0x2000f86c</value>
         <object_component_ref idref="oc-1ee"/>
      </symbol>
      <symbol id="sm-211">
         <name>HwiP_Params_init</name>
         <value>0x2000f045</value>
         <object_component_ref idref="oc-14e"/>
      </symbol>
      <symbol id="sm-212">
         <name>HwiP_create</name>
         <value>0x2000ea7b</value>
         <object_component_ref idref="oc-14f"/>
      </symbol>
      <symbol id="sm-213">
         <name>HwiP_post</name>
         <value>0x2000f1e3</value>
         <object_component_ref idref="oc-210"/>
      </symbol>
      <symbol id="sm-214">
         <name>HwiP_inISR</name>
         <value>0x2000f0f5</value>
         <object_component_ref idref="oc-186"/>
      </symbol>
      <symbol id="sm-224">
         <name>PowerCC32XX_initPolicy</name>
         <value>0x2000d4d7</value>
         <object_component_ref idref="oc-16c"/>
      </symbol>
      <symbol id="sm-225">
         <name>PowerCC32XX_sleepPolicy</name>
         <value>0x2000c8dd</value>
         <object_component_ref idref="oc-171"/>
      </symbol>
      <symbol id="sm-242">
         <name>resetISR</name>
         <value>0x2000ee41</value>
         <object_component_ref idref="oc-21"/>
      </symbol>
      <symbol id="sm-243">
         <name>initVectors</name>
         <value>0x2000e8f9</value>
         <object_component_ref idref="oc-4f"/>
      </symbol>
      <symbol id="sm-258">
         <name>SwiP_disable</name>
         <value>0x2000edb5</value>
         <object_component_ref idref="oc-1ad"/>
      </symbol>
      <symbol id="sm-259">
         <name>SwiP_restore</name>
         <value>0x2000e719</value>
         <object_component_ref idref="oc-1c8"/>
      </symbol>
      <symbol id="sm-270">
         <name>CPUcpsid</name>
         <value>0x2000ef6b</value>
         <object_component_ref idref="oc-6c"/>
      </symbol>
      <symbol id="sm-271">
         <name>CPUcpsie</name>
         <value>0x2000ef7f</value>
         <object_component_ref idref="oc-18c"/>
      </symbol>
      <symbol id="sm-272">
         <name>CPUwfi</name>
         <value>0x2000f161</value>
         <object_component_ref idref="oc-20f"/>
      </symbol>
      <symbol id="sm-2ab">
         <name>GPIODirModeSet</name>
         <value>0x2000e293</value>
         <object_component_ref idref="oc-150"/>
      </symbol>
      <symbol id="sm-2ac">
         <name>GPIOIntClear</name>
         <value>0x2000f033</value>
         <object_component_ref idref="oc-1a7"/>
      </symbol>
      <symbol id="sm-2ad">
         <name>GPIOIntDisable</name>
         <value>0x2000ee5d</value>
         <object_component_ref idref="oc-1f1"/>
      </symbol>
      <symbol id="sm-2ae">
         <name>GPIOIntEnable</name>
         <value>0x2000eef9</value>
         <object_component_ref idref="oc-137"/>
      </symbol>
      <symbol id="sm-2af">
         <name>GPIOIntStatus</name>
         <value>0x2000ea4d</value>
         <object_component_ref idref="oc-1a8"/>
      </symbol>
      <symbol id="sm-2b0">
         <name>GPIOIntTypeSet</name>
         <value>0x2000d1b5</value>
         <object_component_ref idref="oc-1a5"/>
      </symbol>
      <symbol id="sm-2b1">
         <name>GPIOPinWrite</name>
         <value>0x2000ec99</value>
         <object_component_ref idref="oc-151"/>
      </symbol>
      <symbol id="sm-301">
         <name>IntDisable</name>
         <value>0x2000cec5</value>
         <object_component_ref idref="oc-233"/>
      </symbol>
      <symbol id="sm-302">
         <name>IntEnable</name>
         <value>0x2000cf8d</value>
         <object_component_ref idref="oc-1ed"/>
      </symbol>
      <symbol id="sm-303">
         <name>IntMasterDisable</name>
         <value>0x2000f19b</value>
         <object_component_ref idref="oc-4a"/>
      </symbol>
      <symbol id="sm-304">
         <name>IntMasterEnable</name>
         <value>0x2000f1a5</value>
         <object_component_ref idref="oc-130"/>
      </symbol>
      <symbol id="sm-305">
         <name>IntPendClear</name>
         <value>0x2000da6b</value>
         <object_component_ref idref="oc-214"/>
      </symbol>
      <symbol id="sm-306">
         <name>IntPendSet</name>
         <value>0x2000d261</value>
         <object_component_ref idref="oc-22f"/>
      </symbol>
      <symbol id="sm-307">
         <name>IntPrioritySet</name>
         <value>0x2000dd5d</value>
         <object_component_ref idref="oc-1ec"/>
      </symbol>
      <symbol id="sm-308">
         <name>IntRegister</name>
         <value>0x2000ecdd</value>
         <object_component_ref idref="oc-1eb"/>
      </symbol>
      <symbol id="sm-309">
         <name>IntUnregister</name>
         <value>0x2000ebc1</value>
         <object_component_ref idref="oc-234"/>
      </symbol>
      <symbol id="sm-30a">
         <name>IntVTableBaseSet</name>
         <value>0x2000efa7</value>
         <object_component_ref idref="oc-73"/>
      </symbol>
      <symbol id="sm-350">
         <name>PinConfigGet</name>
         <value>0x2000e205</value>
         <object_component_ref idref="oc-225"/>
      </symbol>
      <symbol id="sm-351">
         <name>PinConfigSet</name>
         <value>0x2000d305</value>
         <object_component_ref idref="oc-14c"/>
      </symbol>
      <symbol id="sm-352">
         <name>PinDirModeGet</name>
         <value>0x2000e829</value>
         <object_component_ref idref="oc-226"/>
      </symbol>
      <symbol id="sm-353">
         <name>PinDirModeSet</name>
         <value>0x2000e5b5</value>
         <object_component_ref idref="oc-227"/>
      </symbol>
      <symbol id="sm-354">
         <name>PinLock</name>
         <value>0x2000e789</value>
         <object_component_ref idref="oc-203"/>
      </symbol>
      <symbol id="sm-355">
         <name>PinLockLevelSet</name>
         <value>0x2000d851</value>
         <object_component_ref idref="oc-201"/>
      </symbol>
      <symbol id="sm-356">
         <name>PinModeGet</name>
         <value>0x2000e85d</value>
         <object_component_ref idref="oc-10f"/>
      </symbol>
      <symbol id="sm-357">
         <name>PinModeSet</name>
         <value>0x2000e42d</value>
         <object_component_ref idref="oc-114"/>
      </symbol>
      <symbol id="sm-358">
         <name>PinToPadGet</name>
         <value>0x2000eec5</value>
         <object_component_ref idref="oc-202"/>
      </symbol>
      <symbol id="sm-359">
         <name>PinUnlock</name>
         <value>0x2000ecbb</value>
         <object_component_ref idref="oc-209"/>
      </symbol>
      <symbol id="sm-40b">
         <name>PRCMCC3200MCUInit</name>
         <value>0x2000c041</value>
         <object_component_ref idref="oc-d2"/>
      </symbol>
      <symbol id="sm-40c">
         <name>PRCMHIBRegRead</name>
         <value>0x2000ee77</value>
         <object_component_ref idref="oc-10b"/>
      </symbol>
      <symbol id="sm-40d">
         <name>PRCMHIBRegWrite</name>
         <value>0x2000ee91</value>
         <object_component_ref idref="oc-10a"/>
      </symbol>
      <symbol id="sm-40e">
         <name>PRCMHibernateWakeUpGPIOSelect</name>
         <value>0x2000d76d</value>
         <object_component_ref idref="oc-169"/>
      </symbol>
      <symbol id="sm-40f">
         <name>PRCMHibernateWakeupSourceDisable</name>
         <value>0x2000dbf1</value>
         <object_component_ref idref="oc-16b"/>
      </symbol>
      <symbol id="sm-410">
         <name>PRCMHibernateWakeupSourceEnable</name>
         <value>0x2000df5d</value>
         <object_component_ref idref="oc-16a"/>
      </symbol>
      <symbol id="sm-411">
         <name>PRCMIntEnable</name>
         <value>0x2000e175</value>
         <object_component_ref idref="oc-208"/>
      </symbol>
      <symbol id="sm-412">
         <name>PRCMLPDSEnter</name>
         <value>0x2000de0d</value>
         <object_component_ref idref="oc-20e"/>
      </symbol>
      <symbol id="sm-413">
         <name>PRCMLPDSEnterKeepDebugIf</name>
         <value>0x2000e24d</value>
         <object_component_ref idref="oc-20d"/>
      </symbol>
      <symbol id="sm-414">
         <name>PRCMLPDSIntervalSet</name>
         <value>0x2000e95d</value>
         <object_component_ref idref="oc-1c1"/>
      </symbol>
      <symbol id="sm-415">
         <name>PRCMLPDSRestoreInfoSet</name>
         <value>0x2000e049</value>
         <object_component_ref idref="oc-228"/>
      </symbol>
      <symbol id="sm-416">
         <name>PRCMLPDSWakeUpGPIOSelect</name>
         <value>0x2000eaa5</value>
         <object_component_ref idref="oc-168"/>
      </symbol>
      <symbol id="sm-417">
         <name>PRCMLPDSWakeupCauseGet</name>
         <value>0x2000f16d</value>
         <object_component_ref idref="oc-20b"/>
      </symbol>
      <symbol id="sm-418">
         <name>PRCMLPDSWakeupSourceDisable</name>
         <value>0x2000eeab</value>
         <object_component_ref idref="oc-167"/>
      </symbol>
      <symbol id="sm-419">
         <name>PRCMLPDSWakeupSourceEnable</name>
         <value>0x2000ec09</value>
         <object_component_ref idref="oc-166"/>
      </symbol>
      <symbol id="sm-41a">
         <name>PRCMPeripheralClkDisable</name>
         <value>0x2000eacf</value>
         <object_component_ref idref="oc-10e"/>
      </symbol>
      <symbol id="sm-41b">
         <name>PRCMPeripheralClkEnable</name>
         <value>0x2000dca9</value>
         <object_component_ref idref="oc-10c"/>
      </symbol>
      <symbol id="sm-41c">
         <name>PRCMPeripheralReset</name>
         <value>0x2000da01</value>
         <object_component_ref idref="oc-10d"/>
      </symbol>
      <symbol id="sm-41d">
         <name>PRCMPeripheralStatusGet</name>
         <value>0x2000e1bd</value>
         <object_component_ref idref="oc-1a2"/>
      </symbol>
      <symbol id="sm-41e">
         <name>PRCMSRAMRetentionEnable</name>
         <value>0x2000eb21</value>
         <object_component_ref idref="oc-1ff"/>
      </symbol>
      <symbol id="sm-41f">
         <name>PRCMSleepEnter</name>
         <value>0x2000f1bf</value>
         <object_component_ref idref="oc-1c7"/>
      </symbol>
      <symbol id="sm-420">
         <name>PRCMSlowClkCtrFastGet</name>
         <value>0x2000e98d</value>
         <object_component_ref idref="oc-1f6"/>
      </symbol>
      <symbol id="sm-421">
         <name>PRCMSysResetCauseGet</name>
         <value>0x2000d569</value>
         <object_component_ref idref="oc-105"/>
      </symbol>
      <symbol id="sm-43f">
         <name>SysTickEnable</name>
         <value>0x2000f069</value>
         <object_component_ref idref="oc-1c5"/>
      </symbol>
      <symbol id="sm-440">
         <name>SysTickIntDisable</name>
         <value>0x2000f07b</value>
         <object_component_ref idref="oc-1bc"/>
      </symbol>
      <symbol id="sm-441">
         <name>SysTickIntEnable</name>
         <value>0x2000f08d</value>
         <object_component_ref idref="oc-1c6"/>
      </symbol>
      <symbol id="sm-442">
         <name>SysTickPeriodSet</name>
         <value>0x2000ef3f</value>
         <object_component_ref idref="oc-1c4"/>
      </symbol>
      <symbol id="sm-481">
         <name>TimerControlStall</name>
         <value>0x2000e46f</value>
         <object_component_ref idref="oc-1e1"/>
      </symbol>
      <symbol id="sm-482">
         <name>TimerDisable</name>
         <value>0x2000ed5d</value>
         <object_component_ref idref="oc-1da"/>
      </symbol>
      <symbol id="sm-483">
         <name>TimerEnable</name>
         <value>0x2000eedf</value>
         <object_component_ref idref="oc-1e7"/>
      </symbol>
      <symbol id="sm-484">
         <name>TimerIntClear</name>
         <value>0x2000f115</value>
         <object_component_ref idref="oc-1e4"/>
      </symbol>
      <symbol id="sm-485">
         <name>TimerIntDisable</name>
         <value>0x2000ef55</value>
         <object_component_ref idref="oc-230"/>
      </symbol>
      <symbol id="sm-486">
         <name>TimerIntEnable</name>
         <value>0x2000eff9</value>
         <object_component_ref idref="oc-1e5"/>
      </symbol>
      <symbol id="sm-487">
         <name>TimerLoadSet</name>
         <value>0x2000e9bd</value>
         <object_component_ref idref="oc-1e0"/>
      </symbol>
      <symbol id="sm-488">
         <name>TimerPrescaleSet</name>
         <value>0x2000e9ed</value>
         <object_component_ref idref="oc-1df"/>
      </symbol>
      <symbol id="sm-493">
         <name>UtilsDelay</name>
         <value>0x2000f1c7</value>
         <object_component_ref idref="oc-106"/>
      </symbol>
      <symbol id="sm-4c0">
         <name>FlashDisable</name>
         <value>0x2000db95</value>
         <object_component_ref idref="oc-22a"/>
      </symbol>
      <symbol id="sm-4e0">
         <name>malloc</name>
         <value>0x2000f1cf</value>
         <object_component_ref idref="oc-1a3"/>
      </symbol>
      <symbol id="sm-4e1">
         <name>aligned_alloc</name>
         <value>0x2000ccb5</value>
         <object_component_ref idref="oc-1ea"/>
      </symbol>
      <symbol id="sm-4e2">
         <name>free</name>
         <value>0x2000cdd5</value>
         <object_component_ref idref="oc-178"/>
      </symbol>
      <symbol id="sm-4e3">
         <name>_sys_memory</name>
         <value>0x20004040</value>
         <object_component_ref idref="oc-31"/>
      </symbol>
      <symbol id="sm-4e4">
         <name>memalign</name>
         <value>0x2000ccb5</value>
         <object_component_ref idref="oc-1ea"/>
      </symbol>
      <symbol id="sm-4ef">
         <name>_c_int00_noargs</name>
         <value>0x2000ec75</value>
         <object_component_ref idref="oc-76"/>
      </symbol>
      <symbol id="sm-4f0">
         <name>__stack</name>
         <value>0x20003000</value>
         <object_component_ref idref="oc-16"/>
      </symbol>
      <symbol id="sm-4fc">
         <name>__TI_auto_init_nobinit_nopinit</name>
         <value>0x2000e751</value>
         <object_component_ref idref="oc-bf"/>
      </symbol>
      <symbol id="sm-504">
         <name>_system_pre_init</name>
         <value>0x2000f1f9</value>
         <object_component_ref idref="oc-8b"/>
      </symbol>
      <symbol id="sm-50f">
         <name>__TI_zero_init_nomemset</name>
         <value>0x2000f0b1</value>
         <object_component_ref idref="oc-43"/>
      </symbol>
      <symbol id="sm-518">
         <name>__TI_decompress_none</name>
         <value>0x2000f153</value>
         <object_component_ref idref="oc-1c"/>
      </symbol>
      <symbol id="sm-522">
         <name>__TI_decompress_lzss</name>
         <value>0x2000d7e1</value>
         <object_component_ref idref="oc-18"/>
      </symbol>
      <symbol id="sm-52c">
         <name>abort</name>
         <value>0x2000f1fd</value>
         <object_component_ref idref="oc-b8"/>
      </symbol>
      <symbol id="sm-52d">
         <name>C$$EXIT</name>
         <value>0x2000f1fc</value>
         <object_component_ref idref="oc-b8"/>
      </symbol>
      <symbol id="sm-536">
         <name>_nop</name>
         <value>0x2000de63</value>
         <object_component_ref idref="oc-157"/>
      </symbol>
      <symbol id="sm-537">
         <name>_lock</name>
         <value>0x2000f888</value>
         <object_component_ref idref="oc-fb"/>
      </symbol>
      <symbol id="sm-538">
         <name>_unlock</name>
         <value>0x2000f88c</value>
         <object_component_ref idref="oc-fe"/>
      </symbol>
      <symbol id="sm-53f">
         <name>__aeabi_memcpy</name>
         <value>0x2000f1f5</value>
         <object_component_ref idref="oc-3c"/>
      </symbol>
      <symbol id="sm-540">
         <name>__aeabi_memcpy4</name>
         <value>0x2000f1f5</value>
         <object_component_ref idref="oc-3c"/>
      </symbol>
      <symbol id="sm-541">
         <name>__aeabi_memcpy8</name>
         <value>0x2000f1f5</value>
         <object_component_ref idref="oc-3c"/>
      </symbol>
      <symbol id="sm-547">
         <name>__aeabi_uldivmod</name>
         <value>0x2000f00d</value>
         <object_component_ref idref="oc-1b8"/>
      </symbol>
      <symbol id="sm-54d">
         <name>__udivmoddi4</name>
         <value>0x2000d105</value>
         <object_component_ref idref="oc-1f7"/>
      </symbol>
      <symbol id="sm-557">
         <name>__aeabi_ldiv0</name>
         <value>0x2000dd03</value>
         <object_component_ref idref="oc-21e"/>
      </symbol>
      <symbol id="sm-55f">
         <name>TI_memcpy_small</name>
         <value>0x2000f09f</value>
         <object_component_ref idref="oc-81"/>
      </symbol>
      <symbol id="sm-560">
         <name>__TI_static_base__</name>
         <value>0x2000ff2c</value>
      </symbol>
      <symbol id="sm-563">
         <name>ITM_flush</name>
         <value>0x0</value>
      </symbol>
      <symbol id="sm-564">
         <name>ITM_restore</name>
         <value>0x0</value>
      </symbol>
      <symbol id="sm-565">
         <name>__mpu_init</name>
         <value>0x0</value>
      </symbol>
      <symbol id="sm-566">
         <name>_system_post_cinit</name>
         <value>0x0</value>
      </symbol>
   </symbol_table>
   <title>Link successful</title>
</link_info>
